BWRAP-COMMAND.txt: OK
FINAL-RESULT.txt: OK
NAMESPACE.txt: OK
REPORT.txt: OK
bsg5-negative-combined.log: OK
bsg5-negative-status.log: OK
capsule-check-positive.log: OK
capsule-mode-and-byte-audit.log: OK
driver-combined.log: OK
final-packet-modes-after.tsv: OK
final-packet-modes-before.tsv: OK
frozen-source-native-static.log: OK
image-derive-stderr.log: OK
image-derive-stdout.log: OK
image-prerequisites-dry-run.log: OK
image-requisites-query.log: OK
image-requisites.txt: OK
packet-contents-check.log: OK
setup-failures/README.txt: OK
setup-failures/attempt-1-mountpoint.log: OK
setup-failures/attempt-2-driver.log: OK
setup-failures/attempt-2-evidence/bsg5-negative-combined.log: OK
setup-failures/attempt-2-evidence/bsg5-negative-status.log: OK
setup-failures/attempt-2-evidence/capsule-check-positive.log: OK
setup-failures/attempt-2-evidence/capsule-mode-and-byte-audit.log: OK
setup-failures/attempt-2-evidence/final-packet-modes-before.tsv: OK
setup-failures/attempt-2-evidence/frozen-source-native-static.log: OK
setup-failures/attempt-2-evidence/packet-contents-check.log: OK
setup-failures/attempt-2-evidence/source-snapshot-check.log: OK
setup-failures/attempt-2-evidence/v5-preservation-check.log: OK
source-snapshot-check.log: OK
system-derive.log: OK
system-requisites-check.log: OK
system-requisites-query.log: OK
system-requisites.txt: OK
v5-preservation-check.log: OK
