sh pinenote/tools/deploy/deploy.sh "pinenote-os2" "book-state-device-reader" "20"
== 1/7 build: pinenote-book-state-device-reader (cross, aarch64-linux-gnu)
;;; note: source file ./pinenote/systems/pinenote-reader.scm
;;;       newer than compiled /home/wkelly/.cache/guile/ccache/3.0-LE-8-4.7/tmp/opencode/wilkbook-batch-integration/pinenote/systems/pinenote-reader.scm.go
   /gnu/store/yy13ywsn16qa5y6kwbgg1ibhgaxzcxpc-system
== 2/7 transfer: only what root@pinenote-os2 is missing (the guix copy algorithm over OpenSSH)
   27 of 488 store paths missing on the device
== 3/7 add
wilkbook-generation: generation 25: payload staged in /boot/gen-25
wilkbook-generation: extlinux menu: 10 generation(s), DEFAULT gen-24
   generation 25
== trial: kexec into generation 25 (DEFAULT unchanged; the ssh link dies at the helper's Wi-Fi off, before the kexec)
   trial> wilkbook-generation: trial boot of generation 25: DEFAULT is unchanged; a power-cycle returns to it
   trial> wilkbook-generation: machine model "Pine64 PineNote v1.2" -> generation DTB
   trial> wilkbook-generation: NOTE: the running kernel was kexec'd; its device tree is the last cold boot's, not gen-24's -- a device-tree change is proven only by a cold boot
   trial> Timeout, server <device-address> not responding.
== waiting for the new generation to answer ssh
== health
current_system=/gnu/store/yy13ywsn16qa5y6kwbgg1ibhgaxzcxpc-system
booted_generation=25
broker_ready=true
reader_started=true
health=ok
== promote
wilkbook-generation: extlinux menu: 10 generation(s), DEFAULT gen-25
promoted generation 25
wilkbook-generation: generation 10 is pinned; kept
wilkbook-generation: generation 16 is pinned; kept
wilkbook-generation: generation 18 is pinned; kept
wilkbook-generation: generation 23 is pinned; kept
nothing to prune
DEPLOY OK -- generation 25 is DEFAULT (/gnu/store/yy13ywsn16qa5y6kwbgg1ibhgaxzcxpc-system)
