
== G1  fbdev state (0=RUNNING 1=SUSPENDED)
fb0.state = 0  RUNNING              -- G1 open

== G3  DRM master holders (no node is opened by this script)
pid 609 (luajit) holds /dev/dri/card1
G3 CLOSED if any of the above is master: the earliest opener took
master, and fbdev set_par/blank then silently no-op.
-- /sys/kernel/debug/dri/0/clients
             command  tgid dev master a   uid      magic                                                             name                   id
-- /sys/kernel/debug/dri/128/clients
             command  tgid dev master a   uid      magic                                                             name                   id
-- /sys/kernel/debug/dri/1/clients
             command  tgid dev master a   uid      magic                                                             name                   id
              luajit   609   1   y    y     0          0                                                          <unset>                    3
-- /sys/kernel/debug/dri/fde60000.gpu/clients
             command  tgid dev master a   uid      magic                                                             name                   id
-- /sys/kernel/debug/dri/fdec0000.ebc/clients
             command  tgid dev master a   uid      magic                                                             name                   id
              luajit   609   1   y    y     0          0                                                          <unset>                    3

== G2  atomic state: which plane owns which fb, and is the CRTC active
-- /sys/kernel/debug/dri/1/state
plane[35]: plane-0
	crtc=crtc-0
	fb=40
crtc[37]: crtc-0
	enable=1
	active=1
-- /sys/kernel/debug/dri/fdec0000.ebc/state
plane[35]: plane-0
	crtc=crtc-0
	fb=40
crtc[37]: crtc-0
	enable=1
	active=1

G2 is CLOSED when the primary plane shows fb=0 or crtc=(null):
drm_atomic_helper_dirtyfb() then commits an empty state and returns 0.

It is ALSO closed, less obviously, when the plane holds a *different*
fb than the fbdev one -- e.g. a KMS compositor owning the plane. The
dirtyfb loop matches on identity, not on 'some plane is lit'. So the
owner of the plane's fb is the reading that matters:
/sys/kernel/debug/dri/1: plane fb=40, allocated by [fbcon]
  -> the fbdev framebuffer is on the plane; the fbdev damage path can reach it
/sys/kernel/debug/dri/fdec0000.ebc: plane fb=40, allocated by [fbcon]
  -> the fbdev framebuffer is on the plane; the fbdev damage path can reach it
-- /sys/kernel/debug/dri/1/framebuffer
framebuffer[40]:
	allocated by = [fbcon]
	refcount=2
	format=RG16 little-endian (0x36314752)
	modifier=0x0
	size=1872x1404
	layers:
		size[0]=1872x1404
		pitch[0]=3744
		offset[0]=0
		obj[0]:
			name=0
			refcount=3
			start=00100000
			size=5259264
			imported=no
			pages_pin_count=1
			pages_use_count=1
			vmap_use_count=2
			vaddr=00000000c5104491
-- /sys/kernel/debug/dri/fdec0000.ebc/framebuffer
framebuffer[40]:
	allocated by = [fbcon]
	refcount=2
	format=RG16 little-endian (0x36314752)
	modifier=0x0
	size=1872x1404
	layers:
		size[0]=1872x1404
		pitch[0]=3744
		offset[0]=0
		obj[0]:
			name=0
			refcount=3
			start=00100000
			size=5259264
			imported=no
			pages_pin_count=1
			pages_use_count=1
			vmap_use_count=2
			vaddr=00000000c5104491

== G4  fbcon binding (the thing that normally repaints after un-suspend)
vtcon0: bind=1  name=(S) dummy device
bind=0 for the frame buffer device means nothing regenerates damage
after fb_set_suspend(0) -- fbcon_resumed() returns early with no
console attached. The reader image runs that way by design; note it
only matters when the fbdev path is what drives the panel at all.

== supporting counters
defio_delay_ms = 250
EBC IRQs       = 2403
irq/66-fdec0000.ebc (359) state=S (sleeping)
ebc-tempupd/fdec0000.ebc (364) state=S (sleeping)
ebc-refresh/fdec0000.ebc (365) state=I (idle)

Reading order: G1 first (one bit, decisive), then G3 (an open card0
invalidates any conclusion drawn from an unblank or a set_par), then
G2, then G4.  G3 must be checked before trusting a recovery attempt.
=== suspend_stats 2/0; health:
current_system=/gnu/store/8czi9ry1z0gph24n5yls7iiy83y4n0b8-system
booted_generation=16
broker_ready=true
reader_started=true
enabled=1
