capsule/metadata/CAPSULE-ROSTER.tsv: OK
capsule/metadata/PREPARED.txt: OK
capsule/module-view/LICENSE: OK
capsule/module-view/channels.scm: OK
capsule/module-view/pinenote/images/pinenote-bootloader.scm: OK
capsule/module-view/pinenote/images/pinenote-initramfs.scm: OK
capsule/module-view/pinenote/images/pinenote-partitions.scm: OK
capsule/module-view/pinenote/packages/boot.scm: OK
capsule/module-view/pinenote/packages/cross-fixes.scm: OK
capsule/module-view/pinenote/packages/ebc-test.scm: OK
capsule/module-view/pinenote/packages/firmware.scm: OK
capsule/module-view/pinenote/packages/gvisor-dependencies.scm: OK
capsule/module-view/pinenote/packages/gvisor-source.scm: OK
capsule/module-view/pinenote/packages/gvisor.scm: OK
capsule/module-view/pinenote/packages/kernel.scm: OK
capsule/module-view/pinenote/packages/system-tools.scm: OK
capsule/module-view/pinenote/patches/gvisor-bpf-guix-toolchain.patch: OK
capsule/module-view/pinenote/patches/gvisor-coral-crosstool-guix.patch: OK
capsule/module-view/pinenote/patches/gvisor-diagnostic-systrap-error-context.patch: OK
capsule/module-view/pinenote/patches/gvisor-nogo-bazel8-file-path.patch: OK
capsule/module-view/pinenote/patches/gvisor-nogo-go126-stdlib-filter.patch: OK
capsule/module-view/pinenote/patches/gvisor-prewarmer-guix-headers.patch: OK
capsule/module-view/pinenote/patches/gvisor-protobuf-authenticity-guix-tools.patch: OK
capsule/module-view/pinenote/patches/gvisor-release-version-offline.patch: OK
capsule/module-view/pinenote/patches/gvisor-starlark-actions-guix-tools.patch: OK
capsule/module-view/pinenote/patches/gvisor-sysmsg-guix-headers.patch: OK
capsule/module-view/pinenote/patches/gvisor-vdso-guix-headers.patch: OK
capsule/module-view/pinenote/patches/linux-pinenote-7.0-bsp-sip-probe.patch: OK
capsule/module-view/pinenote/patches/linux-pinenote-7.0-cpuidle-psci.patch: OK
capsule/module-view/pinenote/patches/linux-pinenote-7.0-dmc-static-low.patch: OK
capsule/module-view/pinenote/patches/linux-pinenote-7.0-forward-port.patch: OK
capsule/module-view/pinenote/patches/linux-pinenote-7.0-st-accel-pm.patch: OK
capsule/module-view/pinenote/patches/linux-pinenote-7.0-ultra-rails.patch: OK
capsule/module-view/pinenote/patches/linux-pinenote-7.0-vdd-cpu-auto-pfm.patch: OK
capsule/module-view/pinenote/patches/linux-pinenote-7.1-direct-correctness.patch: OK
capsule/module-view/pinenote/patches/linux-pinenote-7.1-ebc-parallel-advance.patch: OK
capsule/module-view/pinenote/patches/linux-pinenote-7.1-hrdl-direct-mode.patch: OK
capsule/module-view/pinenote/patches/linux-pinenote-7.1-probe-lifetime.patch: OK
capsule/module-view/pinenote/patches/linux-pinenote-7.1-probe-unwind.patch: OK
capsule/module-view/pinenote/patches/linux-pinenote-7.1-rect-hints-bounds.patch: OK
capsule/module-view/pinenote/patches/linux-pinenote-7.1-rk8xx-kexec-sleep-pin.patch: OK
capsule/module-view/pinenote/patches/linux-pinenote-7.1-sdio-pwrseq-delay.patch: OK
capsule/module-view/pinenote/services/diagnostics.scm: OK
capsule/module-view/pinenote/services/ebc.scm: OK
capsule/module-view/pinenote/services/state.scm: OK
capsule/module-view/pinenote/systems/base.scm: OK
capsule/module-view/pinenote/systems/pinenote-book-execution-spike.scm: OK
capsule/module-view/pinenote/systems/pinenote-book-state-reader.scm: OK
capsule/module-view/pinenote/timezone.scm: OK
capsule/module-view/pinenote/tools/book-execution-spike/guest-book-protocol.scm: OK
capsule/module-view/pinenote/tools/book-execution-spike/guest-smoke.scm: OK
capsule/module-view/pinenote/tools/book-execution-spike/guest-virtio-book-ui.scm: OK
capsule/module-view/pinenote/tools/book-execution-spike/oci-book-bundle.scm: OK
capsule/module-view/pinenote/tools/book-execution-spike/oci-bundle.scm: OK
capsule/module-view/pinenote/tools/book-protocol/book-protocol/blocking-io.scm: OK
capsule/module-view/pinenote/tools/book-protocol/book-protocol.scm: OK
capsule/module-view/pinenote/tools/book-protocol/book_protocol.py: OK
capsule/module-view/pinenote/tools/book-state/book-state.scm: OK
capsule/module-view/pinenote/tools/book-state/schema-v1.sql: OK
capsule/module-view/pinenote/tools/book-state-guest/SOURCE-MANIFEST.sha256: OK
capsule/module-view/pinenote/tools/book-state-guest/accepted-prerequisites-v1.txt: OK
capsule/module-view/pinenote/tools/book-state-guest/book-state-guest-authority.scm: OK
capsule/module-view/pinenote/tools/book-state-guest/oci-state-book-bundle.scm: OK
capsule/module-view/pinenote/tools/book-state-guest/outer-qemu-handoff-v1.txt: OK
capsule/module-view/pinenote/tools/book-state-guest/runsc-fd3-exec.scm: OK
capsule/module-view/pinenote/tools/book-state-guest/sandbox-storage-boundary-guile.scm: OK
capsule/module-view/pinenote/tools/book-state-guest/sandbox_storage_boundary.py: OK
capsule/module-view/pinenote/tools/book-state-protocol/book-state-backend-adapter.scm: OK
capsule/module-view/pinenote/tools/book-state-protocol/book-state-operation-id.scm: OK
capsule/module-view/pinenote/tools/book-state-protocol/book-state-protocol.scm: OK
capsule/module-view/pinenote/tools/book-state-protocol/session-integration/book-state-session-delegate.scm: OK
capsule/module-view/pinenote/tools/book-state-reader/fixture/bookstatereader.koplugin/_meta.lua: OK
capsule/module-view/pinenote/tools/book-state-reader/fixture/bookstatereader.koplugin/main.lua: OK
capsule/module-view/pinenote/tools/book-state-reader/fixture/bookstatereader.koplugin/state_channel.lua: OK
capsule/module-view/pinenote/tools/book-state-reader/fixture/bookstatereader.koplugin/ui_audit.lua: OK
capsule/module-view/pinenote/tools/book-state-reader/private-control.scm: OK
capsule/module-view/pinenote/tools/book-state-reader-join/book-state-reader-bridge.scm: OK
capsule/module-view/pinenote/tools/book-state-reader-join/empty-action-successor/book-session.scm: OK
capsule/module-view/pinenote/tools/book-state-reader-join/joined-note-book.scm: OK
capsule/module-view/pinenote/tools/book-state-reader-join/joined_note_book.py: OK
capsule/module-view/pinenote/tools/ebc-logic/ebc-dump-format.h: OK
capsule/module-view/pinenote/tools/ebc-logic/ebc-dump-grab.c: OK
capsule/module-view/pinenote/tools/gvisor-package/README.md: OK
capsule/module-view/pinenote/tools/gvisor-package/bazel_bootstrap.py: OK
capsule/module-view/pinenote/tools/gvisor-package/check.sh: OK
capsule/module-view/pinenote/tools/gvisor-package/emit_guix_inputs.py: OK
capsule/module-view/pinenote/tools/gvisor-package/inventory.py: OK
capsule/module-view/pinenote/tools/gvisor-package/network_namespace.py: OK
capsule/module-view/pinenote/tools/gvisor-package/offline-check.sh: OK
capsule/module-view/pinenote/tools/gvisor-package/pinned-source-inventory.json: OK
capsule/module-view/pinenote/tools/gvisor-package/release-MODULE.bazel.lock: OK
capsule/module-view/pinenote/tools/gvisor-package/release-closure-aarch64.txt: OK
capsule/module-view/pinenote/tools/gvisor-package/release-closure-native-x86_64.txt: OK
capsule/module-view/pinenote/tools/gvisor-package/release-vendor-manifest.json: OK
capsule/module-view/pinenote/tools/gvisor-package/rules_go_offline_sdk_index.patch: OK
capsule/module-view/pinenote/tools/gvisor-package/runtime_setup.py: OK
capsule/module-view/pinenote/tools/gvisor-package/test_inventory.py: OK
capsule/module-view/pinenote/tools/gvisor-package/test_vendor.py: OK
capsule/module-view/pinenote/tools/gvisor-package/vendor-discover.sh: OK
capsule/module-view/pinenote/tools/gvisor-package/vendor_inputs.py: OK
capsule/module-view/pinenote/tools/gvisor-package/vendor_manifest.py: OK
capsule/module-view/pinenote/tools/wbf/Makefile: OK
capsule/module-view/pinenote/tools/wbf/extract-from-patch.py: OK
capsule/module-view/pinenote/tools/wbf/shim/drm/drm_device.h: OK
capsule/module-view/pinenote/tools/wbf/shim/drm/drm_managed.h: OK
capsule/module-view/pinenote/tools/wbf/shim/drm/drm_print.h: OK
capsule/module-view/pinenote/tools/wbf/shim/kernel-shim.h: OK
capsule/module-view/pinenote/tools/wbf/shim/linux/firmware.h: OK
capsule/module-view/pinenote/tools/wbf/shim/linux/module.h: OK
capsule/module-view/pinenote/tools/wbf/shim/linux/vmalloc.h: OK
capsule/module-view/pinenote/tools/wbf/wbf-clut.c: OK
capsule/module-view/pinenote/tools/wbf/wbf-info.c: OK
capsule/package-view/EMPTY.txt: OK
capsule/repo/LICENSE: OK
capsule/repo/channels.scm: OK
capsule/repo/pinenote/images/pinenote-bootloader.scm: OK
capsule/repo/pinenote/images/pinenote-initramfs.scm: OK
capsule/repo/pinenote/images/pinenote-partitions.scm: OK
capsule/repo/pinenote/packages/boot.scm: OK
capsule/repo/pinenote/packages/cross-fixes.scm: OK
capsule/repo/pinenote/packages/ebc-test.scm: OK
capsule/repo/pinenote/packages/firmware.scm: OK
capsule/repo/pinenote/packages/gvisor-dependencies.scm: OK
capsule/repo/pinenote/packages/gvisor-source.scm: OK
capsule/repo/pinenote/packages/gvisor.scm: OK
capsule/repo/pinenote/packages/kernel.scm: OK
capsule/repo/pinenote/packages/system-tools.scm: OK
capsule/repo/pinenote/patches/gvisor-bpf-guix-toolchain.patch: OK
capsule/repo/pinenote/patches/gvisor-coral-crosstool-guix.patch: OK
capsule/repo/pinenote/patches/gvisor-diagnostic-systrap-error-context.patch: OK
capsule/repo/pinenote/patches/gvisor-nogo-bazel8-file-path.patch: OK
capsule/repo/pinenote/patches/gvisor-nogo-go126-stdlib-filter.patch: OK
capsule/repo/pinenote/patches/gvisor-prewarmer-guix-headers.patch: OK
capsule/repo/pinenote/patches/gvisor-protobuf-authenticity-guix-tools.patch: OK
capsule/repo/pinenote/patches/gvisor-release-version-offline.patch: OK
capsule/repo/pinenote/patches/gvisor-starlark-actions-guix-tools.patch: OK
capsule/repo/pinenote/patches/gvisor-sysmsg-guix-headers.patch: OK
capsule/repo/pinenote/patches/gvisor-vdso-guix-headers.patch: OK
capsule/repo/pinenote/patches/linux-pinenote-7.0-bsp-sip-probe.patch: OK
capsule/repo/pinenote/patches/linux-pinenote-7.0-cpuidle-psci.patch: OK
capsule/repo/pinenote/patches/linux-pinenote-7.0-dmc-static-low.patch: OK
capsule/repo/pinenote/patches/linux-pinenote-7.0-forward-port.patch: OK
capsule/repo/pinenote/patches/linux-pinenote-7.0-st-accel-pm.patch: OK
capsule/repo/pinenote/patches/linux-pinenote-7.0-ultra-rails.patch: OK
capsule/repo/pinenote/patches/linux-pinenote-7.0-vdd-cpu-auto-pfm.patch: OK
capsule/repo/pinenote/patches/linux-pinenote-7.1-direct-correctness.patch: OK
capsule/repo/pinenote/patches/linux-pinenote-7.1-ebc-parallel-advance.patch: OK
capsule/repo/pinenote/patches/linux-pinenote-7.1-hrdl-direct-mode.patch: OK
capsule/repo/pinenote/patches/linux-pinenote-7.1-probe-lifetime.patch: OK
capsule/repo/pinenote/patches/linux-pinenote-7.1-probe-unwind.patch: OK
capsule/repo/pinenote/patches/linux-pinenote-7.1-rect-hints-bounds.patch: OK
capsule/repo/pinenote/patches/linux-pinenote-7.1-rk8xx-kexec-sleep-pin.patch: OK
capsule/repo/pinenote/patches/linux-pinenote-7.1-sdio-pwrseq-delay.patch: OK
capsule/repo/pinenote/services/diagnostics.scm: OK
capsule/repo/pinenote/services/ebc.scm: OK
capsule/repo/pinenote/services/state.scm: OK
capsule/repo/pinenote/systems/base.scm: OK
capsule/repo/pinenote/systems/pinenote-book-execution-spike.scm: OK
capsule/repo/pinenote/systems/pinenote-book-state-reader.scm: OK
capsule/repo/pinenote/timezone.scm: OK
capsule/repo/pinenote/tools/book-execution-spike/disposable-qemu.scm: OK
capsule/repo/pinenote/tools/book-execution-spike/guest-book-protocol.scm: OK
capsule/repo/pinenote/tools/book-execution-spike/guest-console-assertions.scm: OK
capsule/repo/pinenote/tools/book-execution-spike/guest-smoke.scm: OK
capsule/repo/pinenote/tools/book-execution-spike/guest-virtio-book-ui.scm: OK
capsule/repo/pinenote/tools/book-execution-spike/oci-book-bundle.scm: OK
capsule/repo/pinenote/tools/book-execution-spike/oci-bundle.scm: OK
capsule/repo/pinenote/tools/book-protocol/book-protocol/blocking-io.scm: OK
capsule/repo/pinenote/tools/book-protocol/book-protocol.scm: OK
capsule/repo/pinenote/tools/book-protocol/book_protocol.py: OK
capsule/repo/pinenote/tools/book-state/book-state.scm: OK
capsule/repo/pinenote/tools/book-state/schema-v1.sql: OK
capsule/repo/pinenote/tools/book-state-guest/CAPSULE-ROSTER.tsv: OK
capsule/repo/pinenote/tools/book-state-guest/CONTRACT.md: OK
capsule/repo/pinenote/tools/book-state-guest/SOURCE-CAPSULE.md: OK
capsule/repo/pinenote/tools/book-state-guest/SOURCE-MANIFEST.sha256: OK
capsule/repo/pinenote/tools/book-state-guest/accepted-prerequisites-v1.txt: OK
capsule/repo/pinenote/tools/book-state-guest/book-state-guest-authority.scm: OK
capsule/repo/pinenote/tools/book-state-guest/check-module-origins.scm: OK
capsule/repo/pinenote/tools/book-state-guest/check-requisites.py: OK
capsule/repo/pinenote/tools/book-state-guest/check-source-capsule.py: OK
capsule/repo/pinenote/tools/book-state-guest/check-system.scm: OK
capsule/repo/pinenote/tools/book-state-guest/derive-system.scm: OK
capsule/repo/pinenote/tools/book-state-guest/oci-state-book-bundle.scm: OK
capsule/repo/pinenote/tools/book-state-guest/outer-qemu-handoff-v1.txt: OK
capsule/repo/pinenote/tools/book-state-guest/pinned-guix.sh: OK
capsule/repo/pinenote/tools/book-state-guest/prepare-source-capsule.py: OK
capsule/repo/pinenote/tools/book-state-guest/query-requisites.scm: OK
capsule/repo/pinenote/tools/book-state-guest/run-prepared.sh: OK
capsule/repo/pinenote/tools/book-state-guest/run-tests.sh: OK
capsule/repo/pinenote/tools/book-state-guest/runsc-fd3-exec.scm: OK
capsule/repo/pinenote/tools/book-state-guest/sandbox-storage-boundary-guile.scm: OK
capsule/repo/pinenote/tools/book-state-guest/sandbox_storage_boundary.py: OK
capsule/repo/pinenote/tools/book-state-guest/test-cache-boundary.sh: OK
capsule/repo/pinenote/tools/book-state-guest/test-fd3-exec.py: OK
capsule/repo/pinenote/tools/book-state-guest/test-guest-modules.scm: OK
capsule/repo/pinenote/tools/book-state-guest/test-liveness-boundary.scm: OK
capsule/repo/pinenote/tools/book-state-guest/test-liveness-fixture.scm: OK
capsule/repo/pinenote/tools/book-state-guest/test-manifest.scm: OK
capsule/repo/pinenote/tools/book-state-guest/test-source-capsule.py: OK
capsule/repo/pinenote/tools/book-state-guest/test_source.py: OK
capsule/repo/pinenote/tools/book-state-protocol/book-state-backend-adapter.scm: OK
capsule/repo/pinenote/tools/book-state-protocol/book-state-operation-id.scm: OK
capsule/repo/pinenote/tools/book-state-protocol/book-state-protocol.scm: OK
capsule/repo/pinenote/tools/book-state-protocol/session-integration/book-state-session-delegate.scm: OK
capsule/repo/pinenote/tools/book-state-reader/fixture/bookstatereader.koplugin/_meta.lua: OK
capsule/repo/pinenote/tools/book-state-reader/fixture/bookstatereader.koplugin/main.lua: OK
capsule/repo/pinenote/tools/book-state-reader/fixture/bookstatereader.koplugin/state_channel.lua: OK
capsule/repo/pinenote/tools/book-state-reader/fixture/bookstatereader.koplugin/ui_audit.lua: OK
capsule/repo/pinenote/tools/book-state-reader/private-control.scm: OK
capsule/repo/pinenote/tools/book-state-reader-join/book-state-reader-bridge.scm: OK
capsule/repo/pinenote/tools/book-state-reader-join/empty-action-successor/book-session.scm: OK
capsule/repo/pinenote/tools/book-state-reader-join/joined-note-book.scm: OK
capsule/repo/pinenote/tools/book-state-reader-join/joined_note_book.py: OK
capsule/repo/pinenote/tools/ebc-logic/ebc-dump-format.h: OK
capsule/repo/pinenote/tools/ebc-logic/ebc-dump-grab.c: OK
capsule/repo/pinenote/tools/gvisor-package/README.md: OK
capsule/repo/pinenote/tools/gvisor-package/bazel_bootstrap.py: OK
capsule/repo/pinenote/tools/gvisor-package/check.sh: OK
capsule/repo/pinenote/tools/gvisor-package/emit_guix_inputs.py: OK
capsule/repo/pinenote/tools/gvisor-package/inventory.py: OK
capsule/repo/pinenote/tools/gvisor-package/network_namespace.py: OK
capsule/repo/pinenote/tools/gvisor-package/offline-check.sh: OK
capsule/repo/pinenote/tools/gvisor-package/pinned-source-inventory.json: OK
capsule/repo/pinenote/tools/gvisor-package/release-MODULE.bazel.lock: OK
capsule/repo/pinenote/tools/gvisor-package/release-closure-aarch64.txt: OK
capsule/repo/pinenote/tools/gvisor-package/release-closure-native-x86_64.txt: OK
capsule/repo/pinenote/tools/gvisor-package/release-vendor-manifest.json: OK
capsule/repo/pinenote/tools/gvisor-package/rules_go_offline_sdk_index.patch: OK
capsule/repo/pinenote/tools/gvisor-package/runtime_setup.py: OK
capsule/repo/pinenote/tools/gvisor-package/test_inventory.py: OK
capsule/repo/pinenote/tools/gvisor-package/test_vendor.py: OK
capsule/repo/pinenote/tools/gvisor-package/vendor-discover.sh: OK
capsule/repo/pinenote/tools/gvisor-package/vendor_inputs.py: OK
capsule/repo/pinenote/tools/gvisor-package/vendor_manifest.py: OK
capsule/repo/pinenote/tools/wbf/Makefile: OK
capsule/repo/pinenote/tools/wbf/extract-from-patch.py: OK
capsule/repo/pinenote/tools/wbf/shim/drm/drm_device.h: OK
capsule/repo/pinenote/tools/wbf/shim/drm/drm_managed.h: OK
capsule/repo/pinenote/tools/wbf/shim/drm/drm_print.h: OK
capsule/repo/pinenote/tools/wbf/shim/kernel-shim.h: OK
capsule/repo/pinenote/tools/wbf/shim/linux/firmware.h: OK
capsule/repo/pinenote/tools/wbf/shim/linux/module.h: OK
capsule/repo/pinenote/tools/wbf/shim/linux/vmalloc.h: OK
capsule/repo/pinenote/tools/wbf/wbf-clut.c: OK
capsule/repo/pinenote/tools/wbf/wbf-info.c: OK
