sh pinenote/tools/deploy/deploy.sh "pinenote-os2" "book-state-device-reader" "5"
== 1/7 build: pinenote-book-state-device-reader (cross, aarch64-linux-gnu)
   /gnu/store/m2smi93nva83wv84ph9h57d93fhffxc3-system
== 2/7 transfer: only what root@pinenote-os2 is missing (the guix copy algorithm over OpenSSH)
   30 of 490 store paths missing on the device
== 3/7 add
wilkbook-generation: generation 22: payload staged in /boot/gen-22
wilkbook-generation: extlinux menu: 8 generation(s), DEFAULT gen-21
   generation 22
== trial: kexec into generation 22 (DEFAULT unchanged; the ssh link dies at the helper's Wi-Fi off, before the kexec)
   trial> wilkbook-generation: trial boot of generation 22: DEFAULT is unchanged; a power-cycle returns to it
   trial> wilkbook-generation: machine model "Pine64 PineNote v1.2" -> generation DTB
   trial> wilkbook-generation: NOTE: the running kernel was kexec'd; its device tree is the last cold boot's, not gen-21's -- a device-tree change is proven only by a cold boot
   trial> Timeout, server [reader address] not responding.
== waiting for the new generation to answer ssh
== health
current_system=/gnu/store/m2smi93nva83wv84ph9h57d93fhffxc3-system
booted_generation=22
broker_ready=true
reader_started=true
health=ok
== promote
wilkbook-generation: extlinux menu: 8 generation(s), DEFAULT gen-22
promoted generation 22
wilkbook-generation: generation 10 is pinned; kept
wilkbook-generation: generation 16 is pinned; kept
wilkbook-generation: generation 18 is pinned; kept
wilkbook-generation: pruned generation 17
wilkbook-generation: extlinux menu: 7 generation(s), DEFAULT gen-22
wilkbook-generation: guix gc (roots: the remaining profile links)
DEPLOY OK -- generation 22 is DEFAULT (/gnu/store/m2smi93nva83wv84ph9h57d93fhffxc3-system)
