2026-09-26 19:39:43 [notebook] pen-up page=0 rec=s1 tool=pen use=ink n=196 dur=540967us gap=0 hits=0 batch=22 lag=19024us drops=1 stamp=196/62253/4699us publish=196/51790/1040us append=- fsync=- 
2026-09-26 19:39:45 [notebook] pen-up page=0 rec=s2 tool=rubber use=erase n=201 dur=554753us gap=0 hits=0 batch=5 lag=6554us drops=0 stamp=201/54876/4043us publish=201/89598/1880us append=1/371/371us fsync=1/6031/6031us 
2026-09-26 19:39:49 [notebook] pen-up page=0 rec=s3 tool=rubber use=erase n=1082 dur=3000664us gap=0 hits=0 batch=6 lag=9469us drops=0 stamp=1082/238568/1697us publish=1082/464233/2059us append=1/223/223us fsync=1/5946/5946us 
2026-09-26 19:39:53 [notebook] pen-up page=0 rec=s4 tool=pen use=ink n=668 dur=1926749us gap=0 hits=0 batch=1 lag=1814us drops=0 stamp=668/91656/1237us publish=668/213619/1160us append=1/394/394us fsync=1/6402/6402us 
2026-09-26 19:39:55 [notebook] pen-up page=0 rec=s5 tool=pen use=ink n=559 dur=1596098us gap=0 hits=0 batch=1 lag=1759us drops=0 stamp=559/85847/1344us publish=559/216681/1094us append=1/592/592us fsync=- 
2026-09-26 19:39:57 [notebook] pen-up page=0 rec=s6 tool=pen use=ink n=419 dur=1191090us gap=0 hits=0 batch=1 lag=2090us drops=0 stamp=419/60882/2261us publish=419/153717/1418us append=1/443/443us fsync=1/6243/6243us 
2026-09-26 19:39:59 [notebook] pen-up page=0 rec=s7 tool=pen use=ink n=274 dur=782948us gap=0 hits=0 batch=1 lag=982us drops=0 stamp=274/40374/1017us publish=274/98410/958us append=1/428/428us fsync=- 
2026-09-26 19:39:59 [notebook] pen-up page=0 rec=s8 tool=pen use=ink n=107 dur=296699us gap=0 hits=0 batch=1 lag=2371us drops=0 stamp=107/17316/1719us publish=107/42392/1140us append=1/427/427us fsync=- 
2026-09-26 19:40:00 [notebook] pen-up page=0 rec=s9 tool=pen use=ink n=251 dur=699435us gap=0 hits=0 batch=1 lag=2852us drops=0 stamp=251/34755/1849us publish=251/84305/1059us append=1/410/410us fsync=- 
2026-09-26 19:40:14 [notebook] pen-up page=0 rec=s10 tool=pen use=ink n=52 dur=141435us gap=0 hits=0 batch=1 lag=713us drops=0 stamp=52/7549/356us publish=52/18840/981us append=1/392/392us fsync=1/7048/7048us 
2026-09-26 19:40:14 [notebook] pen-up page=0 rec=s11 tool=pen use=ink n=28 dur=74832us gap=0 hits=0 batch=3 lag=4990us drops=0 stamp=28/6016/2459us publish=28/7974/506us append=1/339/339us fsync=- 
2026-09-26 19:40:14 [notebook] pen-up page=0 rec=s12 tool=pen use=ink n=84 dur=230224us gap=0 hits=0 batch=1 lag=1391us drops=0 stamp=84/10859/932us publish=84/24951/1253us append=1/272/272us fsync=- 
2026-09-26 19:40:21 [notebook] pen-up page=0 rec=s13 tool=pen use=ink n=254 dur=702324us gap=0 hits=0 batch=10 lag=7957us drops=0 stamp=254/30485/605us publish=254/66866/2199us append=1/534/534us fsync=1/6146/6146us 
2026-09-26 19:40:22 [notebook] pen-up page=0 rec=s14 tool=pen use=ink n=164 dur=451983us gap=0 hits=0 batch=1 lag=666us drops=0 stamp=164/20763/979us publish=164/49986/738us append=1/467/467us fsync=- 
2026-09-26 19:40:23 [notebook] pen-up page=0 rec=s15 tool=pen use=ink n=80 dur=219283us gap=0 hits=0 batch=1 lag=636us drops=0 stamp=80/9575/229us publish=80/27663/1341us append=1/317/317us fsync=- 
2026-09-26 19:40:24 [notebook] pen-up page=0 rec=s16 tool=pen use=ink n=202 dur=557848us gap=0 hits=0 batch=1 lag=2421us drops=0 stamp=202/25729/369us publish=202/66638/1241us append=1/388/388us fsync=- 
2026-09-26 19:40:24 [notebook] pen-up page=0 rec=s17 tool=pen use=ink n=177 dur=488472us gap=0 hits=0 batch=1 lag=653us drops=0 stamp=177/22728/476us publish=177/60040/891us append=1/384/384us fsync=- 
2026-09-26 19:40:25 [notebook] pen-up page=0 rec=s18 tool=pen use=ink n=164 dur=455231us gap=0 hits=0 batch=1 lag=661us drops=0 stamp=164/23612/468us publish=164/62562/916us append=1/283/283us fsync=- 
2026-09-26 19:40:26 [notebook] pen-up page=0 rec=s19 tool=pen use=ink n=105 dur=294245us gap=0 hits=0 batch=1 lag=801us drops=0 stamp=105/17958/388us publish=105/45140/682us append=1/371/371us fsync=- 
2026-09-26 19:40:28 [notebook] pen-up page=0 rec=s20 tool=pen use=ink n=319 dur=885459us gap=0 hits=0 batch=1 lag=1158us drops=0 stamp=319/43759/692us publish=319/112517/1060us append=1/372/372us fsync=1/5683/5683us 
2026-09-26 19:40:30 [notebook] pen-up page=0 rec=s21 tool=pen use=ink n=41 dur=111063us gap=0 hits=0 batch=1 lag=871us drops=0 stamp=41/4763/284us publish=41/12113/828us append=1/477/477us fsync=1/6266/6266us 
2026-09-26 19:40:30 [notebook] pen-up page=0 rec=s22 tool=pen use=ink n=51 dur=138543us gap=0 hits=0 batch=1 lag=2629us drops=0 stamp=51/7275/816us publish=51/17965/1096us append=1/270/270us fsync=- 
2026-09-26 19:40:31 [notebook] pen-up page=0 rec=s23 tool=pen use=ink n=42 dur=113681us gap=0 hits=0 batch=1 lag=561us drops=0 stamp=42/4839/236us publish=42/13062/1107us append=1/342/342us fsync=- 
2026-09-26 19:40:31 [notebook] pen-up page=0 rec=s24 tool=pen use=ink n=39 dur=105469us gap=0 hits=0 batch=1 lag=479us drops=0 stamp=39/5772/292us publish=39/16075/907us append=1/410/410us fsync=- 
2026-09-26 19:40:32 [notebook] pen-up page=0 rec=s25 tool=pen use=ink n=150 dur=413198us gap=0 hits=0 batch=1 lag=1665us drops=0 stamp=150/19598/925us publish=150/51755/1594us append=1/271/271us fsync=- 
2026-09-26 19:40:33 [notebook] pen-up page=0 rec=s26 tool=pen use=ink n=128 dur=352585us gap=0 hits=0 batch=1 lag=1214us drops=0 stamp=128/17862/377us publish=128/47546/1614us append=1/246/246us fsync=1/6496/6496us 
2026-09-26 19:40:33 [notebook] pen-up page=0 rec=s27 tool=pen use=ink n=92 dur=252346us gap=0 hits=0 batch=1 lag=2052us drops=0 stamp=92/12057/537us publish=92/29304/1029us append=1/368/368us fsync=- 
2026-09-26 19:40:34 [notebook] pen-up page=0 rec=s28 tool=pen use=ink n=91 dur=249376us gap=0 hits=0 batch=1 lag=607us drops=0 stamp=91/11257/317us publish=91/31882/1086us append=1/407/407us fsync=- 
2026-09-26 19:40:56 [notebook] pen-up page=0 rec=s29 tool=pen use=ink n=22 dur=57902us gap=0 hits=0 batch=21 lag=34279us drops=0 stamp=22/3439/418us publish=22/36339/15631us append=1/344/344us fsync=1/6287/6287us 
2026-09-26 19:40:58 [notebook] pen-up page=0 rec=s30 tool=pen use=ink n=195 dur=538699us gap=0 hits=0 batch=4 lag=3818us drops=0 stamp=195/22896/263us publish=195/57191/689us append=1/434/434us fsync=1/4899/4899us 
2026-09-26 19:40:59 [notebook] pen-up page=0 rec=s31 tool=pen use=ink n=34 dur=91104us gap=0 hits=0 batch=1 lag=730us drops=0 stamp=34/5475/362us publish=34/13411/619us append=1/361/361us fsync=1/5671/5671us 
2026-09-26 19:40:59 [notebook] pen-up page=0 rec=s32 tool=pen use=ink n=99 dur=271797us gap=0 hits=0 batch=2 lag=2761us drops=0 stamp=99/12458/392us publish=99/33380/898us append=1/314/314us fsync=- 
2026-09-26 19:42:12 [notebook] pen-up page=0 rec=s33 tool=pen use=ink n=127 dur=349518us gap=0 hits=0 batch=1 lag=1197us drops=0 stamp=127/18780/1299us publish=127/39793/549us append=1/262/262us fsync=1/6094/6094us 
2026-09-26 19:42:12 [notebook] pen-up page=0 rec=s34 tool=pen use=ink n=54 dur=146794us gap=0 hits=0 batch=1 lag=788us drops=0 stamp=54/8163/335us publish=54/23582/1762us append=1/1703/1703us fsync=- 
2026-09-26 19:42:13 [notebook] pen-up page=0 rec=s35 tool=pen use=ink n=79 dur=216672us gap=0 hits=0 batch=1 lag=595us drops=0 stamp=79/12563/1272us publish=79/29621/620us append=1/207/207us fsync=- 
2026-09-26 19:42:13 [notebook] pen-up page=0 rec=s36 tool=pen use=ink n=32 dur=85707us gap=0 hits=0 batch=1 lag=508us drops=0 stamp=32/5402/600us publish=32/13630/758us append=1/391/391us fsync=- 
2026-09-26 19:42:14 [notebook] pen-up page=0 rec=s37 tool=pen use=ink n=128 dur=352582us gap=0 hits=0 batch=1 lag=745us drops=0 stamp=128/18851/793us publish=128/45084/852us append=1/205/205us fsync=- 
2026-09-26 19:42:14 [notebook] pen-up page=0 rec=s38 tool=pen use=ink n=52 dur=141352us gap=0 hits=0 batch=1 lag=703us drops=0 stamp=52/8176/430us publish=52/19164/594us append=1/527/527us fsync=- 
2026-09-26 19:42:15 [notebook] pen-up page=0 rec=s39 tool=pen use=ink n=54 dur=147127us gap=0 hits=0 batch=1 lag=1464us drops=0 stamp=54/9218/1385us publish=54/18321/1366us append=1/205/205us fsync=- 
2026-09-26 19:42:16 [notebook] pen-up page=0 rec=s40 tool=pen use=ink n=190 dur=524609us gap=0 hits=0 batch=1 lag=608us drops=0 stamp=190/31750/454us publish=190/76299/1049us append=1/389/389us fsync=1/6904/6904us 
2026-09-26 19:42:17 [notebook] pen-up page=0 rec=s41 tool=pen use=ink n=121 dur=333481us gap=0 hits=0 batch=1 lag=582us drops=0 stamp=121/21362/651us publish=121/50691/970us append=1/326/326us fsync=- 
2026-09-26 19:42:17 [notebook] pen-up page=0 rec=s42 tool=pen use=ink n=49 dur=133000us gap=0 hits=0 batch=1 lag=1470us drops=0 stamp=49/6036/203us publish=49/16898/704us append=1/317/317us fsync=- 
2026-09-26 19:42:18 [notebook] pen-up page=0 rec=s43 tool=pen use=ink n=30 dur=80227us gap=0 hits=0 batch=1 lag=538us drops=0 stamp=30/4922/294us publish=30/14316/900us append=1/197/197us fsync=- 
2026-09-26 19:42:18 [notebook] pen-up page=0 rec=s44 tool=pen use=ink n=52 dur=141381us gap=0 hits=0 batch=1 lag=1571us drops=0 stamp=52/8322/444us publish=52/21374/744us append=1/251/251us fsync=- 
2026-09-26 19:42:18 [notebook] pen-up page=0 rec=s45 tool=pen use=ink n=46 dur=125140us gap=0 hits=0 batch=1 lag=592us drops=0 stamp=46/7190/315us publish=46/19830/594us append=1/377/377us fsync=- 
2026-09-26 19:42:18 [notebook] pen-up page=0 rec=s46 tool=pen use=ink n=33 dur=88639us gap=0 hits=0 batch=1 lag=550us drops=0 stamp=33/5697/305us publish=33/14699/577us append=1/281/281us fsync=- 
2026-09-26 19:42:18 [notebook] pen-up page=0 rec=s47 tool=pen use=ink n=25 dur=66665us gap=0 hits=0 batch=1 lag=539us drops=0 stamp=25/3644/289us publish=25/10402/531us append=1/259/259us fsync=- 
2026-09-26 19:42:19 [notebook] pen-up page=0 rec=s48 tool=pen use=ink n=62 dur=169352us gap=0 hits=0 batch=1 lag=736us drops=0 stamp=62/10507/318us publish=62/26562/739us append=1/253/253us fsync=- 
2026-09-26 19:42:19 [notebook] pen-up page=0 rec=s49 tool=pen use=ink n=102 dur=280271us gap=0 hits=0 batch=1 lag=867us drops=0 stamp=102/16180/479us publish=102/38165/639us append=1/378/378us fsync=- 
2026-09-26 19:42:26 [notebook] pen-up page=0 rec=s50 tool=pen use=ink n=206 dur=574458us gap=0 hits=0 batch=1 lag=842us drops=0 stamp=206/28228/401us publish=206/72379/2043us append=1/209/209us fsync=1/6297/6297us 
2026-09-26 19:42:27 [notebook] pen-up page=0 rec=s51 tool=pen use=ink n=89 dur=244096us gap=0 hits=0 batch=1 lag=1777us drops=0 stamp=89/12572/1350us publish=89/33396/1519us append=1/404/404us fsync=- 
2026-09-26 19:42:27 [notebook] pen-up page=0 rec=s52 tool=pen use=ink n=72 dur=197033us gap=0 hits=0 batch=1 lag=984us drops=0 stamp=72/8815/289us publish=72/24532/1142us append=1/219/219us fsync=- 
2026-09-26 19:42:27 [notebook] pen-up page=0 rec=s53 tool=pen use=ink n=37 dur=99786us gap=0 hits=0 batch=1 lag=773us drops=0 stamp=37/6038/312us publish=37/15793/899us append=1/342/342us fsync=- 
2026-09-26 19:42:28 [notebook] pen-up page=0 rec=s54 tool=pen use=ink n=67 dur=182974us gap=0 hits=0 batch=1 lag=910us drops=0 stamp=67/9044/329us publish=67/22682/664us append=1/172/172us fsync=- 
2026-09-26 19:42:28 [notebook] pen-up page=0 rec=s55 tool=pen use=ink n=137 dur=377509us gap=0 hits=0 batch=1 lag=846us drops=0 stamp=137/15913/331us publish=137/42300/548us append=1/261/261us fsync=- 
2026-09-26 19:42:29 [notebook] pen-up page=0 rec=s56 tool=pen use=ink n=233 dur=643613us gap=0 hits=0 batch=1 lag=1759us drops=0 stamp=233/22616/291us publish=233/59821/1229us append=1/266/266us fsync=- 
2026-09-26 19:42:30 [notebook] pen-up page=0 rec=s57 tool=pen use=ink n=121 dur=332622us gap=0 hits=0 batch=1 lag=2434us drops=0 stamp=121/13217/479us publish=121/32032/1400us append=1/299/299us fsync=- 
2026-09-26 19:42:30 [notebook] pen-up page=0 rec=s58 tool=pen use=ink n=45 dur=121723us gap=0 hits=0 batch=1 lag=2521us drops=0 stamp=45/5703/326us publish=45/15743/1200us append=1/247/247us fsync=- 
2026-09-26 19:42:31 [notebook] pen-up page=0 rec=s59 tool=pen use=ink n=187 dur=515911us gap=0 hits=0 batch=1 lag=1447us drops=0 stamp=187/26530/2264us publish=187/63226/1636us append=1/175/175us fsync=1/5757/5757us 
2026-09-26 19:42:32 [notebook] pen-up page=0 rec=s60 tool=pen use=ink n=51 dur=138464us gap=0 hits=0 batch=1 lag=615us drops=0 stamp=51/6395/387us publish=51/16462/883us append=1/1366/1366us fsync=- 
2026-09-26 19:42:32 [notebook] pen-up page=0 rec=s61 tool=pen use=ink n=137 dur=377268us gap=0 hits=0 batch=1 lag=764us drops=0 stamp=137/19299/1268us publish=137/45340/636us append=1/205/205us fsync=- 
2026-09-26 19:42:33 [notebook] pen-up page=0 rec=s62 tool=pen use=ink n=48 dur=130370us gap=0 hits=0 batch=1 lag=691us drops=0 stamp=48/7770/1087us publish=48/18512/728us append=1/324/324us fsync=- 
2026-09-26 19:42:33 [notebook] pen-up page=0 rec=s63 tool=pen use=ink n=45 dur=121843us gap=0 hits=0 batch=1 lag=2218us drops=0 stamp=45/8910/3694us publish=45/14009/470us append=1/169/169us fsync=- 
2026-09-26 19:42:33 [notebook] pen-up page=0 rec=s64 tool=pen use=ink n=36 dur=96934us gap=0 hits=0 batch=1 lag=568us drops=0 stamp=36/5726/376us publish=36/13927/683us append=1/171/171us fsync=- 
2026-09-26 19:42:34 [notebook] pen-up page=0 rec=s65 tool=pen use=ink n=49 dur=133149us gap=0 hits=0 batch=1 lag=691us drops=0 stamp=49/7802/320us publish=49/20876/1293us append=1/174/174us fsync=1/6631/6631us 
2026-09-26 19:42:34 [notebook] pen-up page=0 rec=s66 tool=pen use=ink n=45 dur=122040us gap=0 hits=0 batch=1 lag=1004us drops=0 stamp=45/6243/414us publish=45/15255/775us append=1/276/276us fsync=- 
2026-09-26 19:42:35 [notebook] pen-up page=0 rec=s67 tool=pen use=ink n=44 dur=119208us gap=0 hits=0 batch=1 lag=1126us drops=0 stamp=44/6651/322us publish=44/18549/1122us append=1/360/360us fsync=- 
2026-09-26 19:42:35 [notebook] pen-up page=0 rec=s68 tool=pen use=ink n=44 dur=118968us gap=0 hits=0 batch=1 lag=680us drops=0 stamp=44/6369/380us publish=44/19625/3275us append=1/201/201us fsync=- 
2026-09-26 19:42:36 [notebook] pen-up page=0 rec=s69 tool=pen use=ink n=40 dur=108156us gap=0 hits=0 batch=1 lag=611us drops=0 stamp=40/6204/294us publish=40/15570/576us append=1/553/553us fsync=- 
2026-09-26 19:42:37 [notebook] pen-up page=0 rec=s70 tool=pen use=ink n=257 dur=713533us gap=0 hits=0 batch=1 lag=631us drops=0 stamp=257/33797/313us publish=257/90932/1037us append=1/286/286us fsync=- 
2026-09-26 19:42:38 [notebook] pen-up page=0 rec=s71 tool=pen use=ink n=321 dur=893514us gap=0 hits=0 batch=2 lag=3620us drops=0 stamp=321/44828/391us publish=321/113708/1351us append=1/407/407us fsync=- 
2026-09-26 19:43:12 [notebook] pen-up page=0 rec=s72 tool=pen use=ink n=411 dur=1418445us gap=0 hits=0 batch=1 lag=829us drops=0 stamp=411/64589/385us publish=411/169846/865us append=1/2156/2156us fsync=1/6263/6263us 
2026-09-26 19:43:15 [notebook] pen-up page=0 rec=s73 tool=pen use=ink n=881 dur=2473727us gap=0 hits=0 batch=1 lag=903us drops=0 stamp=881/128484/609us publish=881/324606/1207us append=1/588/588us fsync=1/6418/6418us 
2026-09-26 19:43:19 [notebook] pen-up page=0 rec=s74 tool=pen use=ink n=271 dur=749449us gap=0 hits=0 batch=1 lag=1650us drops=0 stamp=271/30506/421us publish=271/79535/599us append=1/396/396us fsync=1/5541/5541us 
2026-09-26 19:43:44 [notebook] pen-up page=0 rec=s75 tool=pen use=ink n=346 dur=963104us gap=0 hits=0 batch=1 lag=1768us drops=0 stamp=346/52939/2125us publish=346/106878/1038us append=1/511/511us fsync=1/6607/6607us 
2026-09-26 19:43:45 [notebook] pen-up page=0 rec=s76 tool=pen use=ink n=27 dur=72471us gap=0 hits=0 batch=1 lag=537us drops=0 stamp=27/2594/506us publish=27/1961/438us append=1/552/552us fsync=1/6580/6580us 
2026-09-26 19:43:49 [notebook] pen-up page=0 rec=s77 tool=pen use=ink n=268 dur=741152us gap=0 hits=0 batch=1 lag=626us drops=0 stamp=268/45773/1986us publish=268/92032/919us append=1/496/496us fsync=1/5070/5070us 
2026-09-26 19:43:52 [notebook] pen-up page=0 rec=s78 tool=pen use=ink n=706 dur=1962360us gap=0 hits=0 batch=21 lag=14419us drops=0 stamp=706/183973/2618us publish=706/246544/1553us append=1/318/318us fsync=1/5453/5453us 
2026-09-26 19:43:54 [notebook] pen-up page=0 rec=s79 tool=pen use=ink n=387 dur=1071333us gap=0 hits=0 batch=1 lag=1300us drops=0 stamp=387/79765/1065us publish=387/150246/1290us append=1/511/511us fsync=1/6823/6823us 
2026-09-26 19:43:56 [notebook] pen-up page=0 rec=s80 tool=pen use=ink n=203 dur=560548us gap=0 hits=0 batch=1 lag=2010us drops=0 stamp=203/47309/1683us publish=203/80927/2693us append=1/447/447us fsync=- 
2026-09-26 19:43:57 [notebook] pen-up page=0 rec=s81 tool=pen use=ink n=171 dur=471751us gap=0 hits=0 batch=1 lag=953us drops=0 stamp=171/46006/1089us publish=171/76804/1464us append=1/463/463us fsync=- 
2026-09-26 19:43:58 [notebook] pen-up page=0 rec=s82 tool=pen use=ink n=271 dur=752007us gap=0 hits=0 batch=1 lag=627us drops=0 stamp=271/64001/1075us publish=271/107546/796us append=1/250/250us fsync=- 
2026-09-26 19:44:00 [notebook] pen-up page=0 rec=s83 tool=pen use=ink n=301 dur=832751us gap=0 hits=0 batch=1 lag=760us drops=0 stamp=301/47224/1427us publish=301/109581/1563us append=1/318/318us fsync=- 
2026-09-26 19:44:03 [notebook] pen-up page=0 rec=s84 tool=pen use=ink n=706 dur=1962438us gap=0 hits=0 batch=1 lag=1985us drops=0 stamp=706/131238/1562us publish=706/258091/1164us append=1/415/415us fsync=- 
2026-09-26 19:44:05 [notebook] pen-up page=0 rec=s85 tool=pen use=ink n=119 dur=327577us gap=0 hits=0 batch=1 lag=1017us drops=0 stamp=119/22899/429us publish=119/49011/1679us append=1/428/428us fsync=1/6057/6057us 
2026-09-26 19:44:06 [notebook] pen-up page=0 rec=s86 tool=pen use=ink n=137 dur=377419us gap=0 hits=0 batch=1 lag=1517us drops=0 stamp=137/25187/2346us publish=137/53649/1079us append=1/344/344us fsync=- 
2026-09-26 19:44:07 [notebook] pen-up page=0 rec=s87 tool=pen use=ink n=143 dur=394209us gap=0 hits=0 batch=3 lag=4158us drops=0 stamp=143/25632/1411us publish=143/53103/1283us append=1/387/387us fsync=- 
2026-09-26 19:44:08 [notebook] pen-up page=0 rec=s88 tool=pen use=ink n=20 dur=52530us gap=0 hits=0 batch=1 lag=1195us drops=0 stamp=20/4321/2123us publish=20/1523/380us append=1/282/282us fsync=1/5427/5427us 
2026-09-26 19:44:14 [notebook] pen-up page=0 rec=s89 tool=pen use=ink n=332 dur=918255us gap=0 hits=0 batch=3 lag=5169us drops=0 stamp=332/64236/2118us publish=332/110868/1982us append=1/582/582us fsync=1/5605/5605us 
2026-09-26 19:44:16 [notebook] pen-up page=0 rec=s90 tool=pen use=ink n=478 dur=1368182us gap=0 hits=0 batch=1 lag=1359us drops=0 stamp=478/119535/723us publish=478/204686/1547us append=1/442/442us fsync=1/6004/6004us 
2026-09-26 19:44:18 [notebook] pen-up page=0 rec=s91 tool=pen use=ink n=213 dur=588215us gap=0 hits=0 batch=1 lag=2556us drops=0 stamp=213/47893/1018us publish=213/90418/1636us append=1/400/400us fsync=1/6080/6080us 
2026-09-26 19:44:20 [notebook] pen-up page=0 rec=s92 tool=pen use=ink n=248 dur=691149us gap=0 hits=0 batch=1 lag=1339us drops=0 stamp=248/64513/1392us publish=248/113957/1645us append=1/429/429us fsync=- 
2026-09-26 19:44:23 [notebook] pen-up page=0 rec=s93 tool=pen use=ink n=399 dur=1107290us gap=0 hits=0 batch=1 lag=799us drops=0 stamp=399/93454/546us publish=399/159112/968us append=1/324/324us fsync=1/6447/6447us 
2026-09-26 19:44:29 [notebook] pen-up page=0 rec=s94 tool=pen use=ink n=628 dur=1768076us gap=0 hits=0 batch=1 lag=2524us drops=0 stamp=628/211105/3771us publish=628/168226/1069us append=1/550/550us fsync=1/6850/6850us 
2026-09-26 19:44:32 [notebook] pen-up page=0 rec=s95 tool=pen use=ink n=590 dur=1634899us gap=0 hits=0 batch=5 lag=4516us drops=0 stamp=590/148908/3317us publish=590/180428/1040us append=1/415/415us fsync=1/6963/6963us 
2026-09-26 19:44:37 [notebook] pen-up page=0 rec=s96 tool=pen use=ink n=1602 dur=4486319us gap=0 hits=0 batch=1 lag=2479us drops=0 stamp=1602/347678/1757us publish=1602/546138/1560us append=1/681/681us fsync=1/5850/5850us 
2026-09-26 19:44:42 [notebook] pen-up page=0 rec=s97 tool=pen use=ink n=19 dur=49467us gap=0 hits=0 batch=17 lag=12100us drops=0 stamp=19/26048/5627us publish=19/8989/1214us append=1/535/535us fsync=1/6210/6210us 
2026-09-26 19:44:43 [notebook] pen-up page=0 rec=s98 tool=pen use=ink n=293 dur=810802us gap=0 hits=0 batch=1 lag=1295us drops=0 stamp=293/124235/1238us publish=293/120500/714us append=1/194/194us fsync=- 
2026-09-26 19:44:45 [notebook] pen-up page=0 rec=s99 tool=pen use=ink n=257 dur=710415us gap=0 hits=0 batch=1 lag=2106us drops=0 stamp=257/126494/2102us publish=257/111724/1159us append=1/261/261us fsync=1/6096/6096us 
2026-09-26 19:44:47 [notebook] pen-up page=0 rec=s100 tool=pen use=ink n=260 dur=718488us gap=0 hits=0 batch=18 lag=7172us drops=0 stamp=260/133867/3324us publish=260/110342/3093us append=1/297/297us fsync=- 
2026-09-26 19:44:49 [notebook] pen-up page=0 rec=s101 tool=pen use=ink n=677 dur=1876383us gap=0 hits=0 batch=8 lag=7310us drops=0 stamp=677/342448/2882us publish=677/288497/4566us append=1/218/218us fsync=1/6947/6947us 
2026-09-26 19:44:50 [notebook] pen-up page=0 rec=s102 tool=pen use=ink n=3 dur=5742us gap=0 hits=0 batch=1 lag=3382us drops=0 stamp=3/6989/3068us publish=3/1139/657us append=1/299/299us fsync=1/6354/6354us 
2026-09-26 19:44:51 [notebook] pen-up page=0 rec=s103 tool=pen use=ink n=421 dur=1166131us gap=0 hits=0 batch=1 lag=2088us drops=0 stamp=421/217376/1283us publish=421/201104/1097us append=1/372/372us fsync=- 
2026-09-26 19:44:52 [notebook] pen-up page=0 rec=s104 tool=pen use=ink n=147 dur=404974us gap=0 hits=0 batch=7 lag=4446us drops=0 stamp=147/77582/4012us publish=147/64141/1889us append=1/336/336us fsync=1/7572/7572us 
2026-09-26 19:44:55 [notebook] pen-up page=0 rec=s105 tool=pen use=ink n=495 dur=1371033us gap=0 hits=0 batch=5 lag=3675us drops=0 stamp=495/250424/4279us publish=495/231092/1548us append=1/224/224us fsync=1/6023/6023us 
2026-09-26 19:44:56 [notebook] pen-up page=0 rec=s106 tool=pen use=ink n=64 dur=174501us gap=0 hits=0 batch=12 lag=6560us drops=0 stamp=64/41289/1772us publish=64/36213/3327us append=1/309/309us fsync=1/6148/6148us 
2026-09-26 19:44:57 [notebook] pen-up page=0 rec=s107 tool=pen use=ink n=46 dur=124651us gap=0 hits=0 batch=4 lag=5035us drops=0 stamp=46/40462/4834us publish=46/27893/1682us append=1/316/316us fsync=1/4429/4429us 
2026-09-26 19:45:01 [notebook] pen-up page=0 rec=s108 tool=pen use=ink n=299 dur=826847us gap=0 hits=0 batch=36 lag=14219us drops=0 stamp=299/192111/2445us publish=299/159423/2192us append=1/388/388us fsync=1/4526/4526us 
2026-09-26 19:45:05 [notebook] pen-up page=0 rec=s109 tool=pen use=ink n=251 dur=693755us gap=0 hits=0 batch=8 lag=16534us drops=0 stamp=251/33678/815us publish=251/90305/16766us append=1/280/280us fsync=1/6156/6156us 
2026-09-26 19:45:10 [notebook] pen-up page=0 rec=s110 tool=pen use=ink n=216 dur=596372us gap=0 hits=0 batch=1 lag=778us drops=0 stamp=216/21559/368us publish=216/52201/859us append=1/232/232us fsync=1/5818/5818us 
2026-09-26 19:45:13 [notebook] pen-up page=0 rec=s111 tool=pen use=ink n=109 dur=299878us gap=0 hits=0 batch=1 lag=600us drops=0 stamp=109/12873/395us publish=109/33797/1289us append=1/464/464us fsync=1/6262/6262us 
2026-09-26 19:45:13 [notebook] pen-up page=0 rec=s112 tool=pen use=ink n=63 dur=171985us gap=0 hits=0 batch=1 lag=638us drops=0 stamp=63/9046/1273us publish=63/20926/1928us append=1/609/609us fsync=- 
2026-09-26 19:45:13 [notebook] pen-up page=0 rec=s113 tool=pen use=ink n=129 dur=355018us gap=0 hits=0 batch=1 lag=501us drops=0 stamp=129/14812/272us publish=129/39281/526us append=1/279/279us fsync=- 
2026-09-26 19:45:14 [notebook] pen-up page=0 rec=s114 tool=pen use=ink n=31 dur=83459us gap=0 hits=0 batch=1 lag=1105us drops=0 stamp=31/4471/272us publish=31/11117/462us append=1/371/371us fsync=- 
2026-09-26 19:45:14 [notebook] pen-up page=0 rec=s115 tool=pen use=ink n=18 dur=47235us gap=0 hits=0 batch=1 lag=854us drops=0 stamp=18/2878/379us publish=18/6928/563us append=1/468/468us fsync=- 
2026-09-26 19:45:14 [notebook] pen-up page=0 rec=s116 tool=pen use=ink n=93 dur=255028us gap=0 hits=0 batch=1 lag=777us drops=0 stamp=93/12908/468us publish=93/32012/1154us append=1/344/344us fsync=- 
2026-09-26 19:45:15 [notebook] pen-up page=0 rec=s117 tool=pen use=ink n=43 dur=116634us gap=0 hits=0 batch=1 lag=1199us drops=0 stamp=43/6563/415us publish=43/16469/867us append=1/275/275us fsync=- 
2026-09-26 19:45:15 [notebook] pen-up page=0 rec=s118 tool=pen use=ink n=21 dur=55488us gap=0 hits=0 batch=1 lag=632us drops=0 stamp=21/3445/318us publish=21/9147/600us append=1/273/273us fsync=- 
2026-09-26 19:45:15 [notebook] pen-up page=0 rec=s119 tool=pen use=ink n=93 dur=255050us gap=0 hits=0 batch=1 lag=1141us drops=0 stamp=93/14851/370us publish=93/33189/1343us append=1/925/925us fsync=- 
2026-09-26 19:45:16 [notebook] pen-up page=0 rec=s120 tool=pen use=ink n=103 dur=282854us gap=0 hits=0 batch=1 lag=915us drops=0 stamp=103/18598/737us publish=103/39772/1147us append=1/315/315us fsync=- 
2026-09-26 19:45:17 [notebook] pen-up page=0 rec=s121 tool=pen use=ink n=120 dur=330225us gap=0 hits=0 batch=1 lag=886us drops=0 stamp=120/17843/922us publish=120/40568/1249us append=1/288/288us fsync=- 
2026-09-26 19:45:17 [notebook] pen-up page=0 rec=s122 tool=pen use=ink n=94 dur=257906us gap=0 hits=0 batch=1 lag=1705us drops=0 stamp=94/12935/267us publish=94/29757/575us append=1/453/453us fsync=- 
2026-09-26 19:45:17 [notebook] pen-up page=0 rec=s123 tool=pen use=ink n=42 dur=113985us gap=0 hits=0 batch=1 lag=715us drops=0 stamp=42/7036/300us publish=42/18104/759us append=1/1076/1076us fsync=- 
2026-09-26 19:45:18 [notebook] pen-up page=0 rec=s124 tool=pen use=ink n=31 dur=83231us gap=0 hits=0 batch=1 lag=1183us drops=0 stamp=31/5555/1849us publish=31/10579/1058us append=1/689/689us fsync=- 
2026-09-26 19:45:18 [notebook] pen-up page=0 rec=s125 tool=pen use=ink n=106 dur=291723us gap=0 hits=0 batch=1 lag=918us drops=0 stamp=106/14871/496us publish=106/33699/927us append=1/195/195us fsync=- 
2026-09-26 19:45:19 [notebook] pen-up page=0 rec=s126 tool=pen use=ink n=87 dur=238699us gap=0 hits=0 batch=1 lag=816us drops=0 stamp=87/13585/470us publish=87/30525/555us append=1/316/316us fsync=- 
2026-09-26 19:45:19 [notebook] pen-up page=0 rec=s127 tool=pen use=ink n=25 dur=66651us gap=0 hits=0 batch=1 lag=1148us drops=0 stamp=25/6054/1819us publish=25/9949/589us append=1/327/327us fsync=- 
2026-09-26 19:45:19 [notebook] pen-up page=0 rec=s128 tool=pen use=ink n=25 dur=66607us gap=0 hits=0 batch=1 lag=1264us drops=0 stamp=25/4499/311us publish=25/9431/606us append=1/202/202us fsync=- 
2026-09-26 19:45:19 [notebook] pen-up page=0 rec=s129 tool=pen use=ink n=32 dur=85938us gap=0 hits=0 batch=1 lag=1074us drops=0 stamp=32/5154/366us publish=32/10380/507us append=1/194/194us fsync=- 
2026-09-26 19:45:20 [notebook] pen-up page=0 rec=s130 tool=pen use=ink n=21 dur=55652us gap=0 hits=0 batch=1 lag=787us drops=0 stamp=21/3658/304us publish=21/8799/555us append=1/206/206us fsync=- 
2026-09-26 19:45:20 [notebook] pen-up page=0 rec=s131 tool=pen use=ink n=25 dur=66414us gap=0 hits=0 batch=1 lag=702us drops=0 stamp=25/4293/493us publish=25/8411/768us append=1/316/316us fsync=- 
2026-09-26 19:45:20 [notebook] pen-up page=0 rec=s132 tool=pen use=ink n=22 dur=58565us gap=0 hits=0 batch=1 lag=982us drops=0 stamp=22/4305/310us publish=22/9919/648us append=1/407/407us fsync=- 
2026-09-26 19:45:20 [notebook] pen-up page=0 rec=s133 tool=pen use=ink n=28 dur=74855us gap=0 hits=0 batch=1 lag=710us drops=0 stamp=28/4347/298us publish=28/9889/602us append=1/190/190us fsync=- 
2026-09-26 19:45:20 [notebook] pen-up page=0 rec=s134 tool=pen use=ink n=79 dur=216418us gap=0 hits=0 batch=1 lag=1029us drops=0 stamp=79/14183/482us publish=79/33632/644us append=1/656/656us fsync=- 
2026-09-26 19:45:32 [notebook] pen-up page=0 rec=s135 tool=pen use=erase n=379 dur=1048971us gap=0 hits=0 batch=1 lag=2706us drops=0 stamp=379/99706/1645us publish=379/136609/1066us append=1/450/450us fsync=1/7712/7712us 
2026-09-26 19:45:33 [notebook] pen-up page=0 rec=s136 tool=pen use=erase n=235 dur=649347us gap=0 hits=0 batch=1 lag=699us drops=0 stamp=235/68024/740us publish=235/108144/1670us append=1/282/282us fsync=1/6477/6477us 
2026-09-26 19:45:36 [notebook] pen-up page=0 rec=x137 tool=pen use=strokes n=3 dur=5673us gap=0 hits=1 batch=2 lag=13924us drops=0 stamp=1/4379/4379us publish=1/950/950us append=1/339/339us fsync=1/7229/7229us 
2026-09-26 19:45:36 [notebook] pen-up page=0 rec=x138 tool=pen use=strokes n=24 dur=63759us gap=0 hits=1 batch=6 lag=13629us drops=0 stamp=1/5174/5174us publish=1/1509/1509us append=1/1116/1116us fsync=- 
2026-09-26 19:49:08 [notebook] pen-up page=0 rec=s139 tool=pen use=ink n=43 dur=116199us gap=0 hits=0 batch=20 lag=14319us drops=0 stamp=43/36150/4666us publish=43/19716/1385us append=- fsync=- 
2026-09-26 19:49:08 [notebook] pen-up page=0 rec=s140 tool=pen use=ink n=43 dur=116800us gap=0 hits=0 batch=1 lag=1036us drops=0 stamp=43/5705/812us publish=43/13346/665us append=1/233/233us fsync=- 
2026-09-26 20:01:49 [notebook] pen-up page=1 rec=s1 tool=pen use=ink n=43 dur=116593us gap=0 hits=0 batch=1 lag=1365us drops=0 stamp=43/8484/2254us publish=43/3386/402us append=1/492/492us fsync=1/6296/6296us 
2026-09-26 20:02:00 [notebook] pen-up page=1 rec=s2 tool=pen use=ink n=1009 dur=2798022us gap=0 hits=0 batch=1 lag=2313us drops=0 stamp=1009/179979/2849us publish=1009/352561/1720us append=1/914/914us fsync=1/6550/6550us 
2026-09-26 20:02:34 [notebook] pen-up page=1 rec=s3 tool=pen use=ink n=6755 dur=18755042us gap=0 hits=0 batch=4 lag=5898us drops=0 stamp=6755/1131255/1787us publish=6755/2376029/2002us append=2/977/552us fsync=2/10718/5591us 
2026-09-26 20:02:40 [notebook] pen-up page=1 rec=s4 tool=pen use=ink n=828 dur=2300939us gap=0 hits=0 batch=1 lag=1600us drops=0 stamp=828/142049/1436us publish=828/290375/1620us append=1/1296/1296us fsync=1/7566/7566us 
2026-09-26 20:02:44 [notebook] pen-up page=1 rec=s5 tool=pen use=ink n=766 dur=2126269us gap=0 hits=0 batch=1 lag=579us drops=0 stamp=766/148240/711us publish=766/308214/1467us append=1/358/358us fsync=1/5263/5263us 
2026-09-26 20:02:48 [notebook] pen-up page=1 rec=s6 tool=pen use=ink n=880 dur=2440210us gap=0 hits=0 batch=2 lag=2939us drops=0 stamp=880/174315/626us publish=880/347758/2294us append=1/401/401us fsync=1/7057/7057us 
2026-09-26 20:02:50 [notebook] pen-up page=1 rec=s7 tool=pen use=ink n=459 dur=1271292us gap=0 hits=0 batch=1 lag=635us drops=0 stamp=459/85997/494us publish=459/175488/1160us append=1/392/392us fsync=- 
2026-09-26 20:02:53 [notebook] pen-up page=1 rec=s8 tool=pen use=ink n=366 dur=1012914us gap=0 hits=0 batch=1 lag=748us drops=0 stamp=366/61652/1783us publish=366/128994/1058us append=1/331/331us fsync=1/6454/6454us 
2026-09-26 20:02:55 [notebook] pen-up page=1 rec=s9 tool=pen use=ink n=308 dur=851910us gap=0 hits=0 batch=1 lag=1521us drops=0 stamp=308/52722/929us publish=308/111593/1388us append=1/296/296us fsync=- 
2026-09-26 20:02:56 [notebook] pen-up page=1 rec=s10 tool=pen use=ink n=2 dur=2730us gap=0 hits=0 batch=1 lag=5059us drops=0 stamp=2/404/233us publish=2/4263/2784us append=1/259/259us fsync=1/7455/7455us 
2026-09-26 20:02:56 [notebook] pen-up page=1 rec=s11 tool=pen use=ink n=191 dur=526375us gap=0 hits=0 batch=1 lag=683us drops=0 stamp=191/38104/396us publish=191/78883/1308us append=1/335/335us fsync=- 
2026-09-26 20:02:57 [notebook] pen-up page=1 rec=s12 tool=pen use=ink n=146 dur=402149us gap=0 hits=0 batch=1 lag=644us drops=0 stamp=146/26861/345us publish=146/57225/1043us append=1/269/269us fsync=- 
2026-09-26 20:03:00 [notebook] pen-up page=1 rec=s13 tool=pen use=ink n=113 dur=310771us gap=0 hits=0 batch=1 lag=893us drops=0 stamp=113/19340/350us publish=113/46084/1038us append=1/283/283us fsync=1/6954/6954us 
2026-09-26 20:03:01 [notebook] pen-up page=1 rec=s14 tool=pen use=ink n=70 dur=191131us gap=0 hits=0 batch=1 lag=842us drops=0 stamp=70/8321/211us publish=70/22984/494us append=1/1049/1049us fsync=- 
2026-09-26 20:03:03 [notebook] pen-up page=1 rec=s15 tool=pen use=ink n=525 dur=1454300us gap=0 hits=0 batch=1 lag=2411us drops=0 stamp=525/80842/2017us publish=525/180005/1387us append=1/258/258us fsync=- 
2026-09-26 20:03:05 [notebook] pen-up page=1 rec=s16 tool=pen use=ink n=402 dur=1118720us gap=0 hits=0 batch=1 lag=1953us drops=0 stamp=402/63791/417us publish=402/142943/1782us append=1/638/638us fsync=- 
2026-09-26 20:03:06 [notebook] pen-up page=1 rec=s17 tool=pen use=ink n=228 dur=629841us gap=0 hits=0 batch=1 lag=1471us drops=0 stamp=228/41771/973us publish=228/88156/1819us append=1/296/296us fsync=- 
2026-09-26 20:03:07 [notebook] pen-up page=1 rec=s18 tool=pen use=ink n=320 dur=887932us gap=0 hits=0 batch=1 lag=1205us drops=0 stamp=320/56532/575us publish=320/116738/860us append=1/380/380us fsync=- 
2026-09-26 20:03:10 [notebook] pen-up page=1 rec=s19 tool=pen use=ink n=283 dur=782742us gap=0 hits=0 batch=1 lag=870us drops=0 stamp=283/56907/562us publish=283/117145/2237us append=1/224/224us fsync=1/6518/6518us 
2026-09-26 20:03:11 [notebook] pen-up page=1 rec=s20 tool=pen use=ink n=208 dur=574407us gap=0 hits=0 batch=1 lag=1494us drops=0 stamp=208/33993/924us publish=208/74154/2462us append=1/1561/1561us fsync=- 
2026-09-26 20:03:13 [notebook] pen-up page=1 rec=s21 tool=pen use=ink n=335 dur=926679us gap=0 hits=0 batch=1 lag=1467us drops=0 stamp=335/50840/420us publish=335/114366/1319us append=1/302/302us fsync=- 
2026-09-26 20:03:15 [notebook] pen-up page=1 rec=s22 tool=pen use=ink n=261 dur=721315us gap=0 hits=0 batch=5 lag=8411us drops=0 stamp=261/42646/351us publish=261/106670/7499us append=1/230/230us fsync=1/6315/6315us 
2026-09-26 20:03:17 [notebook] pen-up page=1 rec=s23 tool=pen use=ink n=146 dur=402546us gap=0 hits=0 batch=1 lag=692us drops=0 stamp=146/28941/449us publish=146/62055/1172us append=1/299/299us fsync=1/5758/5758us 
2026-09-26 20:03:17 [notebook] pen-up page=1 rec=s24 tool=pen use=ink n=27 dur=71896us gap=0 hits=0 batch=1 lag=497us drops=0 stamp=27/5558/1321us publish=27/9246/550us append=1/308/308us fsync=- 
2026-09-26 20:03:17 [notebook] pen-up page=1 rec=s25 tool=pen use=ink n=26 dur=69553us gap=0 hits=0 batch=1 lag=605us drops=0 stamp=26/4412/347us publish=26/11357/693us append=1/321/321us fsync=- 
2026-09-26 20:03:18 [notebook] pen-up page=1 rec=s26 tool=pen use=ink n=149 dur=410543us gap=0 hits=0 batch=1 lag=997us drops=0 stamp=149/25257/1823us publish=149/56203/699us append=1/168/168us fsync=- 
2026-09-26 20:03:18 [notebook] pen-up page=1 rec=s27 tool=pen use=ink n=91 dur=249734us gap=0 hits=0 batch=1 lag=1172us drops=0 stamp=91/17747/500us publish=91/35782/905us append=1/313/313us fsync=- 
2026-09-26 20:03:18 [notebook] pen-up page=1 rec=s28 tool=pen use=ink n=21 dur=55330us gap=0 hits=0 batch=1 lag=592us drops=0 stamp=21/3676/230us publish=21/9824/876us append=1/174/174us fsync=- 
2026-09-26 20:03:22 [notebook] pen-up page=1 rec=s29 tool=pen use=ink n=359 dur=993545us gap=0 hits=0 batch=1 lag=1110us drops=0 stamp=359/57148/508us publish=359/120285/1376us append=1/195/195us fsync=- 
2026-09-26 20:03:24 [notebook] pen-up page=1 rec=s30 tool=pen use=ink n=301 dur=832524us gap=0 hits=0 batch=1 lag=482us drops=0 stamp=301/45423/2087us publish=301/95390/1929us append=1/329/329us fsync=- 
2026-09-26 20:03:26 [notebook] pen-up page=1 rec=s31 tool=pen use=ink n=400 dur=1107280us gap=0 hits=0 batch=1 lag=1040us drops=0 stamp=400/63842/987us publish=400/144675/2099us append=1/266/266us fsync=- 
2026-09-26 20:03:27 [notebook] pen-up page=1 rec=s32 tool=pen use=ink n=172 dur=474303us gap=0 hits=0 batch=1 lag=724us drops=0 stamp=172/29871/594us publish=172/63947/722us append=1/308/308us fsync=- 
2026-09-26 20:03:30 [notebook] pen-up page=1 rec=s33 tool=pen use=ink n=4 dur=8210us gap=0 hits=0 batch=1 lag=746us drops=0 stamp=4/1365/434us publish=4/1860/915us append=1/613/613us fsync=1/6400/6400us 
2026-09-26 20:03:34 [notebook] pen-up page=1 rec=s34 tool=pen use=ink n=1665 dur=4619341us gap=0 hits=0 batch=1 lag=1743us drops=0 stamp=1665/279794/1548us publish=1665/595127/1720us append=1/626/626us fsync=- 
2026-09-26 20:03:39 [notebook] pen-up page=1 rec=s35 tool=pen use=ink n=1486 dur=4124806us gap=0 hits=0 batch=3 lag=4993us drops=0 stamp=1486/286008/1481us publish=1486/577188/1792us append=1/640/640us fsync=- 
2026-09-26 20:03:43 [notebook] pen-up page=1 rec=s36 tool=pen use=ink n=983 dur=2725773us gap=0 hits=0 batch=3 lag=3643us drops=0 stamp=983/171335/871us publish=983/342877/1029us append=1/353/353us fsync=1/6334/6334us 
2026-09-26 20:03:50 [notebook] pen-up page=1 rec=s37 tool=pen use=ink n=2128 dur=5915394us gap=0 hits=0 batch=1 lag=1319us drops=0 stamp=2128/406846/2411us publish=2128/791787/1511us append=1/366/366us fsync=- 
2026-09-26 20:03:54 [notebook] pen-up page=1 rec=s38 tool=pen use=ink n=1140 dur=3161661us gap=0 hits=0 batch=1 lag=1934us drops=0 stamp=1140/201519/1426us publish=1140/406084/1360us append=1/461/461us fsync=1/7294/7294us 
2026-09-26 20:03:55 [notebook] pen-up page=1 rec=s39 tool=pen use=ink n=112 dur=307442us gap=0 hits=0 batch=4 lag=6038us drops=0 stamp=112/18279/395us publish=112/46078/4809us append=1/410/410us fsync=1/6296/6296us 
2026-09-26 20:03:57 [notebook] pen-up page=1 rec=s40 tool=pen use=ink n=98 dur=269066us gap=0 hits=0 batch=1 lag=922us drops=0 stamp=98/23275/541us publish=98/42124/1694us append=1/342/342us fsync=1/6304/6304us 
2026-09-26 20:03:58 [notebook] pen-up page=1 rec=s41 tool=pen use=ink n=84 dur=230054us gap=0 hits=0 batch=1 lag=444us drops=0 stamp=84/13646/410us publish=84/35807/1615us append=1/319/319us fsync=- 
2026-09-26 20:03:58 [notebook] pen-up page=1 rec=s42 tool=pen use=ink n=43 dur=116574us gap=0 hits=0 batch=1 lag=1189us drops=0 stamp=43/8496/328us publish=43/17890/586us append=1/359/359us fsync=- 
2026-09-26 20:03:59 [notebook] pen-up page=1 rec=s43 tool=pen use=ink n=132 dur=363520us gap=0 hits=0 batch=1 lag=653us drops=0 stamp=132/27372/359us publish=132/57756/1621us append=1/173/173us fsync=1/5832/5832us 
2026-09-26 20:04:00 [notebook] pen-up page=1 rec=s44 tool=pen use=ink n=81 dur=221768us gap=0 hits=0 batch=1 lag=846us drops=0 stamp=81/15780/397us publish=81/37282/2414us append=1/294/294us fsync=- 
2026-09-26 20:04:00 [notebook] pen-up page=1 rec=s45 tool=pen use=ink n=63 dur=171677us gap=0 hits=0 batch=1 lag=475us drops=0 stamp=63/14164/556us publish=63/28332/1190us append=1/177/177us fsync=- 
2026-09-26 20:04:19 [notebook] pen-up page=2 rec=s1 tool=pen use=ink n=252 dur=696414us gap=0 hits=0 batch=1 lag=2166us drops=0 stamp=252/37938/465us publish=252/83290/978us append=1/178/178us fsync=1/7030/7030us 
2026-09-26 20:04:22 [notebook] pen-up page=2 rec=x2 tool=rubber use=strokes n=141 dur=388972us gap=0 hits=1 batch=3 lag=7449us drops=0 stamp=1/1932/1932us publish=1/889/889us append=1/558/558us fsync=1/6392/6392us 
2026-09-26 20:04:23 [notebook] pen-up page=2 rec=s3 tool=pen use=ink n=97 dur=266330us gap=0 hits=0 batch=6 lag=7087us drops=0 stamp=97/25647/4931us publish=97/33644/1051us append=1/319/319us fsync=1/4784/4784us 
2026-09-26 20:04:30 [notebook] pen-up page=2 rec=x4 tool=rubber use=strokes n=214 dur=591214us gap=0 hits=1 batch=8 lag=15060us drops=0 stamp=1/6735/6735us publish=1/1359/1359us append=1/449/449us fsync=1/5369/5369us 
2026-09-26 20:04:46 [notebook] pen-up page=2 rec=s5 tool=pen use=ink n=912 dur=2531623us gap=0 hits=0 batch=4 lag=4619us drops=0 stamp=912/157542/4884us publish=912/277204/2231us append=1/723/723us fsync=1/4908/4908us 
2026-09-26 20:04:49 [notebook] pen-up page=2 rec=s6 tool=pen use=ink n=568 dur=1582058us gap=0 hits=0 batch=1 lag=2023us drops=0 stamp=568/100693/1355us publish=568/202083/2616us append=1/346/346us fsync=1/6693/6693us 
2026-09-26 20:04:50 [notebook] pen-up page=2 rec=s7 tool=pen use=ink n=259 dur=715975us gap=0 hits=0 batch=1 lag=971us drops=0 stamp=259/49794/1304us publish=259/104656/1677us append=1/412/412us fsync=1/6722/6722us 
2026-09-26 20:04:52 [notebook] pen-up page=2 rec=x8 tool=rubber use=strokes n=13 dur=32972us gap=0 hits=1 batch=6 lag=14282us drops=0 stamp=1/3586/3586us publish=1/1200/1200us append=1/358/358us fsync=1/6452/6452us 
2026-09-26 20:04:54 [notebook] pen-up page=2 rec=x9 tool=rubber use=strokes n=78 dur=213559us gap=0 hits=1 batch=8 lag=17353us drops=0 stamp=1/5027/5027us publish=1/576/576us append=1/319/319us fsync=1/4243/4243us 
2026-09-26 20:04:55 [notebook] pen-up page=2 rec=x10 tool=rubber use=strokes n=118 dur=324331us gap=0 hits=1 batch=11 lag=23431us drops=0 stamp=1/5750/5750us publish=1/892/892us append=1/368/368us fsync=1/5140/5140us 
2026-09-26 20:05:00 [notebook] pen-up page=2 rec=s11 tool=pen use=ink n=194 dur=535448us gap=0 hits=0 batch=1 lag=1058us drops=0 stamp=194/40249/740us publish=194/77317/1732us append=1/271/271us fsync=1/4958/4958us 
2026-09-26 20:05:01 [notebook] pen-up page=2 rec=s12 tool=pen use=ink n=231 dur=638314us gap=0 hits=0 batch=1 lag=1237us drops=0 stamp=231/48544/748us publish=231/98796/1160us append=1/226/226us fsync=1/6453/6453us 
2026-09-26 20:05:02 [notebook] pen-up page=2 rec=s13 tool=pen use=ink n=88 dur=241447us gap=0 hits=0 batch=7 lag=7513us drops=0 stamp=88/27082/8458us publish=88/40649/5132us append=1/493/493us fsync=1/5962/5962us 
2026-09-26 20:05:03 [notebook] pen-up page=2 rec=x14 tool=rubber use=strokes n=79 dur=216175us gap=0 hits=1 batch=6 lag=15884us drops=0 stamp=1/7091/7091us publish=1/1221/1221us append=1/221/221us fsync=1/2371/2371us 
2026-09-26 20:05:04 [notebook] pen-up page=2 rec=x15 tool=rubber use=strokes n=75 dur=205129us gap=0 hits=1 batch=6 lag=14470us drops=0 stamp=1/6308/6308us publish=1/1038/1038us append=1/603/603us fsync=1/5392/5392us 
2026-09-26 20:05:05 [notebook] pen-up page=2 rec=x16 tool=rubber use=strokes n=60 dur=163281us gap=0 hits=1 batch=4 lag=9920us drops=0 stamp=1/4703/4703us publish=1/973/973us append=1/561/561us fsync=1/5355/5355us 
2026-09-26 20:05:15 [notebook] pen-up page=2 rec=s17 tool=pen use=ink n=177 dur=487944us gap=0 hits=0 batch=1 lag=2298us drops=0 stamp=177/37386/671us publish=177/70648/1966us append=1/243/243us fsync=1/6369/6369us 
2026-09-26 20:05:18 [notebook] pen-up page=2 rec=s18 tool=rubber use=erase n=662 dur=1834509us gap=0 hits=0 batch=1 lag=2023us drops=0 stamp=662/158822/1584us publish=662/272604/1409us append=1/524/524us fsync=1/6319/6319us 
2026-09-26 20:05:20 [notebook] pen-up page=2 rec=s19 tool=rubber use=erase n=157 dur=432769us gap=0 hits=0 batch=1 lag=1582us drops=0 stamp=157/43950/939us publish=157/78353/1664us append=1/315/315us fsync=1/6063/6063us 
2026-09-26 20:05:24 [notebook] pen-up page=2 rec=s20 tool=rubber use=erase n=1255 dur=3481146us gap=0 hits=0 batch=2 lag=2848us drops=0 stamp=1255/282490/878us publish=1255/543732/2610us append=1/223/223us fsync=- 
2026-09-26 20:05:26 [notebook] pen-up page=2 rec=s21 tool=pen use=ink n=217 dur=599702us gap=0 hits=0 batch=6 lag=6032us drops=0 stamp=217/31471/988us publish=217/69408/1469us append=1/492/492us fsync=1/6732/6732us 
2026-09-26 20:05:35 [notebook] pen-up page=2 rec=s22 tool=rubber use=erase n=1550 dur=4302502us gap=0 hits=0 batch=14 lag=7304us drops=0 stamp=1550/369491/3029us publish=1550/707555/2607us append=1/246/246us fsync=1/7365/7365us 
2026-09-26 20:05:57 [notebook] pen-up page=2 rec=s23 tool=pen use=ink n=199 dur=549351us gap=0 hits=0 batch=2 lag=3603us drops=0 stamp=199/35432/469us publish=199/82741/4948us append=1/732/732us fsync=1/6603/6603us 
2026-09-26 20:05:57 [notebook] pen-up page=2 rec=s24 tool=pen use=ink n=164 dur=452620us gap=0 hits=0 batch=1 lag=1845us drops=0 stamp=164/30352/486us publish=164/64249/987us append=1/303/303us fsync=1/5902/5902us 
2026-09-26 20:05:58 [notebook] pen-up page=2 rec=s25 tool=pen use=ink n=125 dur=343928us gap=0 hits=0 batch=1 lag=456us drops=0 stamp=125/23030/767us publish=125/47566/992us append=1/307/307us fsync=- 
2026-09-26 20:06:02 [notebook] pen-up page=2 rec=s26 tool=pen use=ink n=270 dur=746184us gap=0 hits=0 batch=3 lag=3680us drops=0 stamp=270/43257/882us publish=270/105876/4236us append=1/212/212us fsync=1/6070/6070us 
2026-09-26 20:06:03 [notebook] pen-up page=2 rec=s27 tool=pen use=ink n=284 dur=785153us gap=0 hits=0 batch=1 lag=658us drops=0 stamp=284/56041/1087us publish=284/120387/1225us append=1/439/439us fsync=1/7107/7107us 
2026-09-26 20:06:05 [notebook] pen-up page=2 rec=s28 tool=rubber use=erase n=365 dur=1010038us gap=0 hits=0 batch=1 lag=979us drops=0 stamp=365/88989/808us publish=365/165422/1007us append=1/490/490us fsync=1/4782/4782us 
2026-09-26 20:06:27 [notebook] pen-up page=0 rec=s141 tool=pen use=ink n=106 dur=291212us gap=0 hits=0 batch=13 lag=20266us drops=0 stamp=106/30820/3611us publish=106/58973/15421us append=1/545/545us fsync=1/5601/5601us 
2026-09-26 20:14:04 [notebook] pen-up page=1 rec=s46 tool=pen use=ink n=69 dur=188311us gap=0 hits=0 batch=35 lag=27106us drops=0 stamp=69/39177/3380us publish=69/28499/1045us append=1/431/431us fsync=1/4724/4724us 
2026-09-26 20:14:06 [notebook] pen-up page=1 rec=s47 tool=rubber use=erase n=20 dur=52557us gap=0 hits=0 batch=16 lag=11158us drops=0 stamp=20/11835/1810us publish=20/12648/1989us append=1/230/230us fsync=1/6398/6398us 
2026-09-26 20:14:06 [notebook] pen-up page=1 rec=s48 tool=rubber use=erase n=202 dur=558062us gap=0 hits=0 batch=1 lag=618us drops=0 stamp=202/50273/696us publish=202/92061/1144us append=1/198/198us fsync=- 
2026-09-26 20:14:11 [notebook] pen-up page=1 rec=s49 tool=rubber use=erase n=68 dur=185416us gap=0 hits=0 batch=1 lag=1625us drops=0 stamp=68/21484/1396us publish=68/31985/928us append=1/403/403us fsync=1/6229/6229us 
