[ 1493.636415] irq 71: nobody cared (try booting with the "irqpoll" option)
[ 1493.636437] CPU: 0 UID: 0 PID: 186 Comm: irq/71-sc7a20-t Not tainted 7.0.11 #1 PREEMPT_{RT,LAZY} 
[ 1493.636445] Hardware name: Pine64 PineNote v1.2 (DT)
[ 1493.636449] Call trace:
[ 1493.636452]  show_stack+0x1c/0x38 (C)
[ 1493.636468]  dump_stack_lvl+0x5c/0x78
[ 1493.636475]  dump_stack+0x14/0x1c
[ 1493.636480]  __report_bad_irq+0x50/0xf8
[ 1493.636487]  note_interrupt+0x324/0x380
[ 1493.636496]  handle_irq_event+0x9c/0x110
[ 1493.636503]  handle_level_irq+0xe4/0x180
[ 1493.636507]  handle_irq_desc+0x38/0x60
[ 1493.636514]  generic_handle_domain_irq+0x1c/0x30
[ 1493.636519]  rockchip_irq_demux+0x88/0x228
[ 1493.636526]  handle_irq_desc+0x38/0x60
[ 1493.636532]  generic_handle_domain_irq+0x1c/0x30
[ 1493.636538]  gic_handle_irq+0x54/0xe0
[ 1493.636542]  call_on_irq_stack+0x30/0x48
[ 1493.636548]  do_interrupt_handler+0x80/0x90
[ 1493.636554]  el1_interrupt+0x38/0x60
[ 1493.636562]  el1h_64_irq_handler+0x14/0x20
[ 1493.636567]  el1h_64_irq+0x6c/0x70
[ 1493.636572]  _raw_spin_unlock_irq+0x10/0x50 (P)
[ 1493.636579]  irq_thread_fn+0x64/0xb0
[ 1493.636585]  irq_thread+0x1bc/0x308
[ 1493.636592]  kthread+0x134/0x150
[ 1493.636598]  ret_from_fork+0x10/0x20
[ 1493.636604] handlers:
[ 1493.636606] [<0000000092b8b602>] st_sensors_validate_device [st_sensors] threaded [<0000000086bd79d2>] st_sensors_validate_device [st_sensors]
[ 1493.636626] Disabling IRQ #71
[ 1830.488645] Console: switching to colour frame buffer device 234x87
