2026-08-08 23:41:11 [autosuspend] watching 8 input devices, idle=300s backstop=3600s overlay=true config=/var/lib/pinenote/autosuspend.conf
2026-08-08 23:41:11 [autosuspend] press-to-suspend on /dev/input/event0 (rk805 pwrkey) (tap < 1000ms; 2s grace after resume)
2026-08-08 23:57:41 [autosuspend] resumed after 677s (charge_now=3848844)
2026-08-09 00:20:43 [autosuspend] resumed after 1075s (charge_now=3831988)
2026-08-09 00:40:45 [autosuspend] resumed after 892s (charge_now=3815304)
2026-08-09 00:46:04 [autosuspend] power tap -- suspending on request
2026-08-09 00:46:55 [autosuspend] resumed after 44s (charge_now=3795352)
2026-08-09 01:01:37 [autosuspend] power tap -- suspending on request
2026-08-09 01:18:41 [autosuspend] resumed after 1016s (charge_now=3754932)
2026-08-09 02:00:26 [autosuspend] resumed after 749s (charge_now=3676500)
2026-08-09 02:00:30 [autosuspend] power tap -- suspending on request
2026-08-09 02:29:43 [autosuspend] resumed after 1743s (charge_now=3673232)
2026-08-09 02:33:55 [autosuspend] power tap -- suspending on request
2026-08-09 03:34:00 [autosuspend] resumed after 3597s (charge_now=3656032)
2026-08-09 03:35:50 [autosuspend] power tap -- suspending on request
2026-08-09 03:36:05 [autosuspend] resumed after 7s (charge_now=3650700)
2026-08-09 04:14:42 [autosuspend] power tap -- suspending on request
2026-08-09 05:14:47 [autosuspend] resumed after 3597s (charge_now=3521012)
2026-08-09 05:15:48 [autosuspend] power tap -- suspending on request
2026-08-09 06:11:02 [autosuspend] resumed after 3299s (charge_now=3513100)
2026-08-09 06:11:11 [autosuspend] cover closed -- suspending on request
2026-08-09 06:11:31 [autosuspend] resumed after 12s (charge_now=3512240)
2026-08-09 06:11:32 [autosuspend] power tap within resume grace -- ignoring
2026-08-09 06:11:44 [autosuspend] power tap -- suspending on request
2026-08-09 07:11:48 [autosuspend] resumed after 3597s (charge_now=3506736)
2026-08-09 07:20:22 [autosuspend] EBC still active after ~10s wait -- proceeding anyway
2026-08-09 07:20:22 [autosuspend] resumed after 200s (charge_now=3492976)
2026-08-09 07:21:26 [autosuspend] power tap -- suspending on request
2026-08-09 08:21:30 [autosuspend] resumed after 3597s (charge_now=3486096)
2026-08-09 09:26:34 [autosuspend] resumed after 3596s (charge_now=3469240)
2026-08-09 10:26:59 [autosuspend] resumed after 3597s (charge_now=3463908)
2026-08-09 11:27:23 [autosuspend] resumed after 3596s (charge_now=3458576)
2026-08-09 12:27:48 [autosuspend] resumed after 3596s (charge_now=3453244)
2026-08-09 13:28:12 [autosuspend] resumed after 3596s (charge_now=3447568)
2026-08-09 13:32:05 [autosuspend] resumed after 203s (charge_now=3445676)
2026-08-09 14:37:09 [autosuspend] resumed after 3596s (charge_now=3428476)
2026-08-09 15:37:34 [autosuspend] resumed after 3597s (charge_now=3422972)
2026-08-09 16:37:28 [autosuspend] resumed after 3566s (charge_now=3417468)
2026-08-09 16:45:23 [autosuspend] power tap -- suspending on request
2026-08-09 17:45:28 [autosuspend] resumed after 3597s (charge_now=3392872)
2026-08-09 18:08:34 [autosuspend] resumed after 1078s (charge_now=3378768)
2026-08-09 18:11:33 [autosuspend] power tap -- suspending on request
2026-08-09 19:11:37 [autosuspend] resumed after 3596s (charge_now=3365008)
2026-08-09 20:16:41 [autosuspend] resumed after 3596s (charge_now=3347808)
2026-08-09 21:17:06 [autosuspend] resumed after 3597s (charge_now=3342304)
2026-08-09 22:01:47 [autosuspend] resumed after 2651s (charge_now=3337660)
2026-08-09 22:03:21 [autosuspend] power tap -- suspending on request
2026-08-09 22:06:48 [autosuspend] resumed after 200s (charge_now=3332672)
2026-08-09 22:11:07 [autosuspend] power tap -- suspending on request
2026-08-09 23:11:12 [autosuspend] resumed after 3597s (charge_now=3316160)
2026-08-09 23:40:05 [autosuspend] resumed after 1420s (charge_now=3300852)
2026-08-09 23:40:06 [autosuspend] power tap within resume grace -- ignoring
2026-08-10 00:16:44 [autosuspend] EBC still active after ~10s wait -- proceeding anyway
2026-08-10 00:16:44 [autosuspend] resumed after 1713s (charge_now=3278148)
2026-08-10 00:16:56 [autosuspend] power tap -- suspending on request
2026-08-10 00:37:55 [autosuspend] resumed after 1251s (charge_now=3275740)
2026-08-10 00:41:58 [autosuspend] power tap -- suspending on request
2026-08-10 00:42:33 [autosuspend] resumed after 27s (charge_now=3264388)
2026-08-10 00:51:29 [autosuspend] power tap -- suspending on request
2026-08-10 00:51:40 [autosuspend] resumed after 4s (charge_now=3239792)
2026-08-10 01:56:46 [autosuspend] resumed after 3597s (charge_now=3222592)
2026-08-10 02:57:11 [autosuspend] resumed after 3597s (charge_now=3216916)
2026-08-10 03:57:35 [autosuspend] resumed after 3596s (charge_now=3211584)
2026-08-10 04:15:58 [autosuspend] resumed after 1074s (charge_now=3208660)
2026-08-10 04:15:58 [autosuspend] cover closed -- suspending on request
2026-08-10 04:16:17 [autosuspend] resumed after 8s (charge_now=3207800)
2026-08-10 04:16:35 [autosuspend] power tap -- suspending on request
2026-08-10 04:17:27 [autosuspend] resumed after 43s (charge_now=3205564)
2026-08-10 04:17:31 [autosuspend] power tap -- suspending on request
2026-08-10 04:17:55 [autosuspend] resumed after 16s (charge_now=3204360)
2026-08-10 04:18:57 [autosuspend] power tap -- suspending on request
2026-08-10 04:19:31 [autosuspend] resumed after 25s (charge_now=3201436)
2026-08-10 04:48:25 [autosuspend] resumed after 1424s (charge_now=3186644)
2026-08-10 06:11:58 [autosuspend] resumed after 3597s (charge_now=3090152)
2026-08-10 07:12:23 [autosuspend] resumed after 3597s (charge_now=3084648)
2026-08-10 08:12:47 [autosuspend] resumed after 3596s (charge_now=3078972)
2026-08-10 09:13:11 [autosuspend] resumed after 3596s (charge_now=3073640)
2026-08-10 10:13:36 [autosuspend] resumed after 3597s (charge_now=3067964)
2026-08-10 11:14:00 [autosuspend] resumed after 3596s (charge_now=3062460)
2026-08-10 12:14:24 [autosuspend] resumed after 3596s (charge_now=3057128)
2026-08-10 13:14:49 [autosuspend] resumed after 3597s (charge_now=3051624)
2026-08-10 14:15:14 [autosuspend] resumed after 3597s (charge_now=3046636)
2026-08-10 14:56:59 [autosuspend] resumed after 2477s (charge_now=3042508)
2026-08-10 14:57:06 [autosuspend] power tap -- suspending on request
2026-08-10 15:16:51 [autosuspend] resumed after 1170s (charge_now=3039584)
2026-08-10 15:16:52 [autosuspend] power tap within resume grace -- ignoring
2026-08-10 15:16:58 [autosuspend] power tap -- suspending on request
2026-08-10 16:17:03 [autosuspend] resumed after 3597s (charge_now=3034424)
2026-08-10 16:40:26 [autosuspend] resumed after 1095s (charge_now=3019976)
2026-08-10 16:40:33 [autosuspend] power tap -- suspending on request
2026-08-10 17:40:37 [autosuspend] resumed after 3597s (charge_now=3014988)
2026-08-10 18:45:41 [autosuspend] resumed after 3596s (charge_now=2997960)
2026-08-10 19:46:06 [autosuspend] resumed after 3597s (charge_now=2992284)
2026-08-10 20:46:30 [autosuspend] resumed after 3596s (charge_now=2986780)
2026-08-10 21:46:55 [autosuspend] resumed after 3597s (charge_now=2981276)
2026-08-10 22:47:20 [autosuspend] resumed after 3597s (charge_now=2975772)
2026-08-10 23:47:45 [autosuspend] resumed after 3597s (charge_now=2970268)
2026-08-11 00:48:10 [autosuspend] resumed after 3597s (charge_now=2964764)
2026-08-11 01:48:36 [autosuspend] resumed after 3597s (charge_now=2959432)
2026-08-11 02:49:00 [autosuspend] resumed after 3597s (charge_now=2954100)
2026-08-11 03:49:25 [autosuspend] resumed after 3597s (charge_now=2948768)
2026-08-11 04:49:50 [autosuspend] resumed after 3597s (charge_now=2943264)
2026-08-11 05:25:27 [autosuspend] resumed after 2106s (charge_now=2939308)
2026-08-11 06:30:32 [autosuspend] resumed after 3597s (charge_now=2921764)
2026-08-11 07:30:56 [autosuspend] resumed after 3596s (charge_now=2916088)
2026-08-11 08:31:21 [autosuspend] resumed after 3597s (charge_now=2910412)
2026-08-11 09:31:46 [autosuspend] resumed after 3596s (charge_now=2904736)
2026-08-11 10:32:10 [autosuspend] resumed after 3597s (charge_now=2898888)
2026-08-11 11:32:35 [autosuspend] resumed after 3597s (charge_now=2893212)
2026-08-11 12:33:00 [autosuspend] resumed after 3597s (charge_now=2887536)
2026-08-11 13:33:25 [autosuspend] resumed after 3597s (charge_now=2882032)
2026-08-11 14:33:49 [autosuspend] resumed after 3596s (charge_now=2876356)
2026-08-11 15:04:58 [autosuspend] resumed after 1838s (charge_now=2872572)
2026-08-11 15:05:14 [autosuspend] power tap -- suspending on request
2026-08-11 16:05:18 [autosuspend] resumed after 3596s (charge_now=2867240)
2026-08-11 17:10:23 [autosuspend] resumed after 3597s (charge_now=2850556)
2026-08-11 18:10:47 [autosuspend] resumed after 3596s (charge_now=2845052)
2026-08-11 19:11:13 [autosuspend] resumed after 3597s (charge_now=2839892)
2026-08-11 20:11:38 [autosuspend] resumed after 3596s (charge_now=2834216)
2026-08-11 21:12:03 [autosuspend] resumed after 3596s (charge_now=2828884)
2026-08-11 22:12:28 [autosuspend] resumed after 3596s (charge_now=2823380)
2026-08-11 23:12:53 [autosuspend] resumed after 3596s (charge_now=2818048)
2026-08-12 00:13:17 [autosuspend] resumed after 3596s (charge_now=2812372)
2026-08-12 01:13:43 [autosuspend] resumed after 3597s (charge_now=2807040)
2026-08-12 02:14:07 [autosuspend] resumed after 3596s (charge_now=2801364)
2026-08-12 03:14:33 [autosuspend] resumed after 3597s (charge_now=2795860)
2026-08-12 04:14:57 [autosuspend] resumed after 3596s (charge_now=2790356)
2026-08-12 05:15:23 [autosuspend] resumed after 3597s (charge_now=2784680)
2026-08-12 06:15:47 [autosuspend] resumed after 3596s (charge_now=2779176)
2026-08-12 07:16:13 [autosuspend] resumed after 3597s (charge_now=2773672)
2026-08-12 07:19:11 [autosuspend] EBC still active after ~10s wait -- proceeding anyway
2026-08-12 07:19:11 [autosuspend] resumed after 144s (charge_now=2771092)
2026-08-12 07:19:13 [autosuspend] power tap -- suspending on request
2026-08-12 07:20:18 [autosuspend] resumed after 46s (charge_now=2768856)
2026-08-12 07:20:19 [autosuspend] power tap within resume grace -- ignoring
2026-08-12 07:20:25 [autosuspend] power tap -- suspending on request
2026-08-12 08:20:29 [autosuspend] resumed after 3595s (charge_now=2763696)
2026-08-12 09:25:34 [autosuspend] resumed after 3597s (charge_now=2746840)
2026-08-12 10:25:58 [autosuspend] resumed after 3596s (charge_now=2741336)
2026-08-12 11:26:22 [autosuspend] resumed after 3596s (charge_now=2736004)
2026-08-12 12:26:47 [autosuspend] resumed after 3597s (charge_now=2730500)
2026-08-12 13:27:11 [autosuspend] resumed after 3596s (charge_now=2725340)
2026-08-12 14:27:35 [autosuspend] resumed after 3596s (charge_now=2719836)
2026-08-12 15:28:00 [autosuspend] resumed after 3597s (charge_now=2714332)
2026-08-12 16:28:25 [autosuspend] resumed after 3597s (charge_now=2708828)
2026-08-12 17:28:50 [autosuspend] resumed after 3597s (charge_now=2703496)
2026-08-12 18:29:14 [autosuspend] resumed after 3596s (charge_now=2698164)
2026-08-12 19:29:38 [autosuspend] resumed after 3596s (charge_now=2692660)
2026-08-12 20:30:03 [autosuspend] resumed after 3597s (charge_now=2687328)
2026-08-12 21:30:28 [autosuspend] resumed after 3596s (charge_now=2681996)
2026-08-12 22:30:53 [autosuspend] resumed after 3597s (charge_now=2676836)
2026-08-12 23:31:18 [autosuspend] resumed after 3597s (charge_now=2671676)
2026-08-13 00:31:43 [autosuspend] resumed after 3597s (charge_now=2666344)
2026-08-13 01:32:07 [autosuspend] resumed after 3596s (charge_now=2660840)
2026-08-13 02:32:32 [autosuspend] resumed after 3597s (charge_now=2655508)
2026-08-13 03:32:57 [autosuspend] resumed after 3597s (charge_now=2650176)
2026-08-13 04:33:22 [autosuspend] resumed after 3596s (charge_now=2644672)
2026-08-13 05:33:46 [autosuspend] resumed after 3596s (charge_now=2639340)
2026-08-13 06:34:11 [autosuspend] resumed after 3597s (charge_now=2633836)
2026-08-13 07:34:36 [autosuspend] resumed after 3597s (charge_now=2628504)
2026-08-13 08:35:01 [autosuspend] resumed after 3597s (charge_now=2622828)
2026-08-13 09:35:26 [autosuspend] resumed after 3597s (charge_now=2616980)
2026-08-13 10:35:51 [autosuspend] resumed after 3597s (charge_now=2611476)
2026-08-13 11:36:16 [autosuspend] resumed after 3597s (charge_now=2605800)
2026-08-13 12:36:41 [autosuspend] resumed after 3597s (charge_now=2600296)
2026-08-13 13:37:05 [autosuspend] resumed after 3596s (charge_now=2594792)
2026-08-13 14:37:30 [autosuspend] resumed after 3597s (charge_now=2589116)
2026-08-13 15:37:55 [autosuspend] resumed after 3597s (charge_now=2583612)
2026-08-13 15:42:13 [autosuspend] resumed after 229s (charge_now=2581548)
2026-08-13 15:42:15 [autosuspend] power tap -- suspending on request
2026-08-13 16:42:20 [autosuspend] resumed after 3597s (charge_now=2577076)
2026-08-13 17:47:25 [autosuspend] resumed after 3597s (charge_now=2560220)
2026-08-13 18:47:50 [autosuspend] resumed after 3597s (charge_now=2554888)
2026-08-13 19:48:14 [autosuspend] resumed after 3596s (charge_now=2549556)
2026-08-13 20:48:39 [autosuspend] resumed after 3597s (charge_now=2544052)
2026-08-13 21:49:04 [autosuspend] resumed after 3596s (charge_now=2538376)
2026-08-13 22:49:29 [autosuspend] resumed after 3597s (charge_now=2532700)
2026-08-13 23:49:55 [autosuspend] resumed after 3597s (charge_now=2527024)
2026-08-14 00:50:19 [autosuspend] resumed after 3596s (charge_now=2521692)
2026-08-14 01:50:44 [autosuspend] resumed after 3597s (charge_now=2516016)
2026-08-14 02:51:08 [autosuspend] resumed after 3596s (charge_now=2510684)
2026-08-14 03:51:32 [autosuspend] resumed after 3596s (charge_now=2504836)
2026-08-14 04:51:57 [autosuspend] resumed after 3597s (charge_now=2499332)
2026-08-14 05:32:56 [autosuspend] resumed after 2426s (charge_now=2494000)
2026-08-14 05:32:59 [autosuspend] power tap -- suspending on request
2026-08-14 06:33:03 [autosuspend] resumed after 3596s (charge_now=2489528)
2026-08-14 07:38:09 [autosuspend] resumed after 3597s (charge_now=2470780)
2026-08-14 08:38:33 [autosuspend] resumed after 3597s (charge_now=2465276)
2026-08-14 09:38:58 [autosuspend] resumed after 3597s (charge_now=2459772)
2026-08-14 10:39:22 [autosuspend] resumed after 3596s (charge_now=2454440)
2026-08-14 11:39:46 [autosuspend] resumed after 3596s (charge_now=2449108)
2026-08-14 12:40:11 [autosuspend] resumed after 3597s (charge_now=2443432)
2026-08-14 13:40:35 [autosuspend] resumed after 3596s (charge_now=2438100)
2026-08-14 14:41:00 [autosuspend] resumed after 3597s (charge_now=2432424)
2026-08-14 15:41:25 [autosuspend] resumed after 3597s (charge_now=2426920)
2026-08-14 16:41:50 [autosuspend] resumed after 3597s (charge_now=2421416)
2026-08-14 17:42:14 [autosuspend] resumed after 3597s (charge_now=2415912)
2026-08-14 18:42:39 [autosuspend] resumed after 3597s (charge_now=2410580)
2026-08-14 19:43:05 [autosuspend] resumed after 3597s (charge_now=2405248)
2026-08-14 20:43:29 [autosuspend] resumed after 3596s (charge_now=2399744)
2026-08-14 21:43:54 [autosuspend] resumed after 3596s (charge_now=2394584)
2026-08-14 22:44:20 [autosuspend] resumed after 3596s (charge_now=2389252)
2026-08-14 23:44:44 [autosuspend] resumed after 3596s (charge_now=2383576)
2026-08-15 00:45:09 [autosuspend] resumed after 3597s (charge_now=2377900)
2026-08-15 01:45:34 [autosuspend] resumed after 3596s (charge_now=2372224)
2026-08-15 02:46:00 [autosuspend] resumed after 3597s (charge_now=2366720)
2026-08-15 03:46:25 [autosuspend] resumed after 3596s (charge_now=2361044)
2026-08-15 04:01:04 [autosuspend] resumed after 850s (charge_now=2358464)
