1785994639 3182516
1785994654 3185956
1785994669 3189568
1785994684 3193352
1785994699 3196964
1785994714 3198684
1785994730 3202640
1785994745 3206080
1785994760 3209864
1785994775 3213476
1785994790 3217088
1785994805 3219152
1785994820 3222764
1785994835 3226376
1785994851 3230160
1785994866 3233600
1785994881 3237212
1785994896 3240996
1785994911 3242888
1785994926 3246328
1785994941 3250112
1785994956 3253724
1785994971 3257508
1785994987 3261120
1785995002 3262840
1785995017 3266452
1785995032 3270236
1785995047 3273848
1785995062 3277632
1785995077 3281244
1785995092 3282964
1785995108 3286748
1785995123 3290360
1785995138 3293972
1785995153 3297756
1785995168 3301196
1785995183 3304980
1785995198 3306700
1785995213 3310312
1785995229 3313924
1785995244 3317708
1785995259 3321320
1785995274 3325104
1785995289 3326824
1785995304 3330436
1785995319 3334220
1785995334 3337832
1785995349 3341444
1785995365 3345056
1785995380 3348668
1785995395 3350560
1785995410 3354344
1785995425 3357784
1785995440 3361396
1785995455 3365180
1785995470 3368620
1785995486 3370512
1785995501 3374296
1785995516 3377908
1785995531 3381692
1785995546 3385132
1785995561 3388744
1785995576 3392700
1785995591 3394592
1785995607 3398204
1785995622 3401988
1785995637 3405772
1785995652 3409384
1785995667 3413168
1785995682 3415060
1785995697 3418844
1785995712 3422628
1785995728 3426240
1785995743 3430196
1785995758 3433808
1785995773 3437592
1785995788 3439484
1785995803 3443096
1785995818 3446880
1785995833 3450836
1785995848 3454276
1785995864 3458060
1785995879 3460124
1785995894 3463736
1785995909 3467348
1785995924 3471132
1785995939 3474916
1785995954 3478872
1785995969 3482484
1785995985 3484204
1785996000 3487988
1785996015 3491944
1785996030 3495384
1785996045 3499340
1785996060 3503124
1785996075 3504844
1785996090 3508628
1785996106 3512412
1785996121 3516024
1785996136 3519980
1785996151 3523592
1785996166 3527376
1785996181 3529268
1785996196 3532880
1785996211 3536492
1785996226 3540448
1785996242 3544060
1785996257 3548016
1785996272 3549736
1785996287 3553348
1785996302 3557304
1785996317 3561088
1785996332 3564528
1785996347 3568484
1785996363 3572096
1785996378 3573988
1785996393 3577772
1785996408 3581384
1785996423 3585168
1785996438 3588952
1785996453 3592564
1785996468 3594284
1785996484 3598068
1785996499 3601508
1785996514 3605292
1785996529 3608732
1785996544 3612344
1785996559 3616128
1785996574 3617848
1785996589 3621288
1785996605 3625072
1785996620 3628684
1785996635 3632124
1785996650 3635908
1785996665 3637628
1785996680 3641240
1785996695 3644852
1785996710 3648292
1785996725 3652076
1785996741 3655688
1785996756 3658956
1785996771 3660848
1785996786 3664460
1785996801 3667900
1785996816 3671684
1785996831 3675124
1785996846 3678736
1785996862 3680628
1785996877 3684240
1785996892 3687680
1785996907 3691292
1785996922 3694904
1785996937 3698516
1785996952 3701956
1785996967 3703848
1785996983 3707288
1785996998 3711072
1785997013 3714512
1785997028 3718296
1785997043 3721736
1785997058 3723456
1785997073 3727068
1785997088 3730508
1785997103 3734120
1785997119 3737732
1785997134 3741172
1785997149 3744784
1785997164 3746504
1785997179 3749944
1785997194 3753212
1785997209 3756824
1785997224 3760264
1785997240 3763704
1785997255 3765424
1785997270 3768692
1785997285 3772304
1785997300 3775572
1785997315 3778840
1785997330 3782280
1785997345 3785548
1785997360 3787268
