WARNING: (gnu packages linux): `libcamera-minimal' imported from both (gnu packages networking) and (gnu packages photo)
The following derivation will be built:
  /gnu/store/b1g5yk0qh9z1xplijdich56myvq25p6k-profile.drv

building CA certificate bundle...
listing Emacs sub-directories...
building fonts directory...
generating GdkPixbuf loaders cache...
generating GLib schema cache...
creating GTK+ icon theme cache...
building cache files for GTK+ input methods...
building directory of Info manuals...
building XDG desktop file cache...
building XDG MIME database...
building profile with 2 packages...
qemu-virt visual: booting (out -> /tmp/wilkbook/pinenote-batch-20260926/visual-fbcon0)
  login prompt (or wait expired) at 12s
  (shot at 17s: 1872x1404 UNIFORM; waiting for KOReader paint)
  first painted shot at 37s
  baseline settled at 50s (0 retries)

Visual-loop assertions:
  PASS  require  boot reached login prompt
  PASS  require  virtio-gpu DRM bound
  PASS  require  KOReader painted the fb (1872x1404, non-uniform)
  FAIL  require  tap changed the screen

qemu-virt visual: FAILED — see /tmp/wilkbook/pinenote-batch-20260926/visual-fbcon0
