[!p]104[?7h[6n[32766;32766H[6n[  422.171832] rfkill: input handler enabled
[  424.010998] ebc: rockchip_ebc_ctx_release
[  424.011039] EBC: rockchip_ebc_ctx_free
[  426.908332] EXT4-fs (mmcblk0p7): unmounting filesystem 73e99bbd-f1cc-4afb-8371-d7c8bf8dd009.
[  426.989115] watchdog: watchdog0: watchdog did not stop!
[  427.019838] systemd-shutdown[1]: Using hardware watchdog 'Synopsys DesignWare Watchdog', version 0, device /dev/watchdog0
[  427.020968] systemd-shutdown[1]: Watchdog running with a hardware timeout of 10min.
[  427.037238] systemd-shutdown[1]: Syncing filesystems and block devices.
[  427.051449] systemd-shutdown[1]: Sending SIGTERM to remaining processes...
[  427.064935] systemd-journald[216]: Received SIGTERM from PID 1 (systemd-shutdow).
[  427.162678] systemd-shutdown[1]: Sending SIGKILL to remaining processes...
[  427.174194] systemd-shutdown[1]: Process 1647 (plymouthd-fd-es) has been marked to be excluded from killing. It is running from the root file system, and thus likely to block re-mounting of the root file system to read-only. Please consider moving it into an initrd file system instead.
[  427.177419] systemd-shutdown[1]: Unmounting file systems.
[  427.179631] (sd-umount)[1648]: Unmounting '/run/credentials/systemd-journald.service'.
[  427.184196] (sd-remount)[1649]: Remounting '/' read-only with options ''.
[  427.225182] EXT4-fs (mmcblk0p5): re-mounted 3de523bb-eb2b-4620-aa29-bbe61a74cdef ro. Quota mode: none.
[  427.262790] systemd-shutdown[1]: All filesystems unmounted.
[  427.263354] systemd-shutdown[1]: Deactivating swaps.
[  427.263876] systemd-shutdown[1]: All swaps deactivated.
[  427.264353] systemd-shutdown[1]: Detaching loop devices.
[  427.267711] systemd-shutdown[1]: All loop devices detached.
[  427.268237] systemd-shutdown[1]: Stopping MD devices.
[  427.268925] systemd-shutdown[1]: All MD devices stopped.
[  427.269406] systemd-shutdown[1]: Detaching DM devices.
[  427.270054] systemd-shutdown[1]: All DM devices detached.
[  427.270542] systemd-shutdown[1]: All filesystems, swaps, loop devices, MD devices and DM devices detached.
[  427.271424] watchdog: watchdog0: watchdog did not stop!
[  427.278369] systemd-shutdown[1]: Syncing filesystems and block devices.
[  427.281357] systemd-shutdown[1]: Rebooting.
[  428.172251] ebc: rockchip_ebc_ctx_release
[  428.172276] EBC: rockchip_ebc_ctx_free
[  428.175851] reboot: Restarting system
DDR Version V1.10 20200218_resume
ln
start i2c rd
suspend_info:0x0, flag:0x20
LP4 MR12:0x5d,MR14:0x5d
LP4 MR12:0x5d,MR14:0x5d
LP4 MR12:0x5d,MR14:0x5d
LPDDR4X, 324MHz
BW=32 Col=10 Bk=8 CS0 Row=17 CS=1 Die BW=16 Size=4096MB
change to: 324MHz
PWRCTL:0x40,stat:0x303
minca:0x80,ck:0x80,ab:0x80,0x80, min_ck:0x0
PWRCTL:0x0,stat:0x1
get tdqqs2dq:361 ps
change to: 528MHz
PWRCTL:0x40,stat:0x303
vref_ca:00000071
minca:0x7a,ck:0x80,ab:0x80,0x80, min_ck:0x6
PWRCTL:0x0,stat:0x1
change to: 780MHz
PWRCTL:0x40,stat:0x303
vref_ca:00000071
minca:0x77,ck:0x80,ab:0x80,0x80, min_ck:0x9
PWRCTL:0x0,stat:0x1
change to: 1056MHz(final freq)
PWRCTL:0x40,stat:0x303
vref_ca:00000071
minca:0x75,ck:0x80,ab:0x80,0x80, min_ck:0xb
PWRCTL:0x0,stat:0x1
osreg:0x10010201,0x20000021
out
U-Boot SPL board init
U-Boot SPL 2017.09-gaaca6ffec1-211203 #zzz (Dec 03 2021 - 18:42:16)
unknown raw ID phN
unrecognized JEDEC id bytes: 00, 00, 00
Trying to boot from MMC2
MMC error: The cmd index is 1, ret is -110
Card did not respond to voltage select!
mmc_init: -95, time 10
spl: mmc init failed with error: -95
Trying to boot from MMC1
No misc partition
Trying fit image at 0x4000 sector
## Verified-boot: 0
## Checking atf-1 0x00040000 ... sha256(91d912f568...) + OK
## Checking uboot 0x00a00000 ... sha256(87e1e455fd...) + OK
## Checking fdt 0x00b2a2e0 ... sha256(a75758ff17...) + OK
## Checking atf-2 0x00069000 ... sha256(d51631cf88...) + OK
## Checking atf-3 0xfdcd0000 ... sha256(3c902b0442...) + OK
## Checking atf-4 0xfdcc9000 ... sha256(5f1580bb97...) + OK
## Checking atf-5 0x00067000 ... sha256(36cebbc60c...) + OK
## Checking optee 0x08400000 ... sha256(4fcbcd3870...) + OK
Jumping to U-Boot(0x00a00000) via ARM Trusted Firmware(0x00040000)
Total: 367.194 ms

INFO:    Preloader serial: 2
NOTICE:  BL31: v2.3():v2.3-210-g4af361e4c:zwx
NOTICE:  BL31: Built : 15:35:14, Jun  9 2022
INFO:    GICv3 without legacy support detected.
INFO:    ARM GICv3 driver initialized in EL3
INFO:    pmu v1 is valid
INFO:    dfs DDR fsp_param[0].freq_mhz= 1056MHz
INFO:    dfs DDR fsp_param[1].freq_mhz= 324MHz
INFO:    dfs DDR fsp_param[2].freq_mhz= 528MHz
INFO:    dfs DDR fsp_param[3].freq_mhz= 780MHz
INFO:    Using opteed sec cpu_context!
INFO:    boot cpu mask: 0
INFO:    Feature: ultra suspend
INFO:    BL31: Initializing runtime services
INFO:    BL31: Initializing BL32
I/TC: 
I/TC: OP-TEE version: 3.13.0-723-gdcfdd61d0 #hisping.lin (gcc version 10.2.1 20201103 (GNU Toolchain for the A-profile Architecture 10.2-2020.11 (arm-10.16))) #2 Wed Jun  7 09:43:57 CST 2023 aarch64
I/TC: Primary CPU initializing
I/TC: Primary CPU switching to normal world boot
INFO:    BL31: Preparing for EL3 exit to normal world
INFO:    Entry point address = 0xa00000
INFO:    SPSR = 0x3c9


U-Boot 2017.09-ge0ec1df #runner (Oct 25 2024 - 09:52:07 +0000)

Model: Pine64 RK3566 Quartz64 Board PineNote modifications 4
PreSerial: 2, raw, 0xfe660000
DRAM:  3.7 GiB
Sysmem: init
Relocation Offset: ed2fd000, fdt: eb9f6fd8 
dwmmc@fe2b0000: 1, dwmmc@fe2c0000: 2, sdhci@fe310000: 0
Bootdev(atags): mmc 0
MMC0: HS200, 200Mhz
PartType: EFI
No misc partition
boot mode: None
FIT: No boot partition
No resource partition
Failed to load DTB
Failed to get kernel dtb, ret=-19
I2c0 speed: 100000Hz
vsel-gpios- not found! Error: -2
vdd_cpu init 900000 uV
PMIC:  RK8170 (on=0x02, off=0x04)
vdd_logic init 900000 uV
vdd_gpu init 900000 uV
vcc_3v3 init 3300000 uV
vcca1v8_pmu init 1800000 uV
vccio_acodec init 3300000 uV
vcc3v3_pmu init 3300000 uV
vcc_1v8 init 1800000 uV
io-domain: OK

** Unable to use mmc 0:4 for loading the env **
Using default environment

osd_eink_probe start
I2c5 speed: 100000Hz
cyttsp5ub_probe start
cyttsp5_deassert_int returned: 0 0
launch app got size: 0 (expected 0)
Requesting HID descriptor
get hid descriptor got size: 32 (expected 32)
Request done
get sysinfo start
get sysinfo got size: 51 (expected 51)
get sysinfo end
Setting up the stdio support
enumerating keys:
KEY[0] = (322/672) (50/400) -> 103
KEY[1] = (322/672) (500/904) -> 28
KEY[2] = (322/672) (1004/1354) -> 108
done
Stdio setup complete
cyttsp5_deassert_int returned: 2 0
enabled
cyttsp5ub_probe finished
osd_eink_probe end
Model: Pine64 RK3566 Quartz64 Board PineNote modifications 4
uc_key: rk8xx_pwr
adc_probe
uc_key: volume up
Enable charge animation display
Exit charge: due to charger offline
I2c3 speed: 100000Hz
detected device with ID=66 (TPS65186r1p2)
rev_id=66
Eink: use pmic tps65185@68
eink update bootargs: ebc_pmic.vcom=1430
rkf: check format failed
rkf: failed to check RKF file format
[lut]: failed to input RKF waveform
[lut]: PVI waveform
ebc-dev is probed success!
Transmit uboot logo addr(0x116cb000) to kernel
Transmit kernel logo addr(0x10b82000) to kernel
CLK: (sync kernel. arm: enter 816000 KHz, init 816000 KHz, kernel 0N/A)
  apll 816000 KHz
  dpll 528000 KHz
  gpll 1188000 KHz
  cpll 1000000 KHz
  npll 1200000 KHz
  vpll 24000 KHz
  hpll 24000 KHz
  ppll 200000 KHz
  armclk 816000 KHz
  aclk_bus 150000 KHz
  pclk_bus 100000 KHz
  aclk_top_high 300000 KHz
  aclk_top_low 200000 KHz
  hclk_top 150000 KHz
  pclk_top 100000 KHz
  aclk_perimid 300000 KHz
  hclk_perimid 150000 KHz
  pclk_pmu 100000 KHz
Net:   No ethernet found.
Hit key to stop autoboot('CTRL+C'):  0 
[?25l[2J[1;1H[1;1H[2K[2;1H  *** U-Boot Boot Menu ***[0K[3;1H[2K[9;1H[2K[10;1H  Press UP/DOWN to move, ENTER to select[0K[11;1H[2K[4;1H     [7mSearch for extlinux.conf on all partitions[0m[5;1H     Boot OS1 (part 5)[6;1H     Boot OS2 (part 6)[7;1H     U-Boot console[9;1H  Hit any key to stop autoboot: 15 [9;1H[2K[1;1H[2K[2;1H  *** U-Boot Boot Menu ***[0K[3;1H[2K[9;1H[2K[10;1H  Press UP/DOWN to move, ENTER to select[0K[11;1H[2K[4;1H     Search for extlinux.conf on all partitions[5;1H     [7mBoot OS1 (part 5)[0m[6;1H     Boot OS2 (part 6)[7;1H     U-Boot console[1;1H[2K[2;1H  *** U-Boot Boot Menu ***[0K[3;1H[2K[9;1H[2K[10;1H  Press UP/DOWN to move, ENTER to select[0K[11;1H[2K[4;1H     Search for extlinux.conf on all partitions[5;1H     Boot OS1 (part 5)[6;1H     [7mBoot OS2 (part 6)[0m[7;1H     U-Boot consolelogo[0x2] is already loaded, just return!
[?25h[2J[1;1HRetrieving file: /boot/extlinux/extlinux.conf
669 bytes read in 63 ms (9.8 KiB/s)
1:	Guix PineNote USB console preflight
Retrieving file: /boot/initrd.cpio.gz
12846408 bytes read in 139 ms (88.1 MiB/s)
Retrieving file: /boot/Image
20406784 bytes read in 16523 ms (1.2 MiB/s)
append: root=PNGuixRoot gnu.system=/gnu/store/5ypb9pd2k67qh4a4j4mvjahyp1nx1xxz-system gnu.load=/gnu/store/5ypb9pd2k67qh4a4j4mvjahyp1nx1xxz-system/boot rockchip_suspend_mode_drv.sleep_debug_arm=1 ignore_loglevel rw rootwait earlycon console=ttyS2,1500000n8 brcmfmac.feature_disable=0x82000 vt.global_cursor_default=0 no_console_suspend fw_devlink=off
Retrieving file: /boot/rk3566-pinenote-v1.2.dtb
62689 bytes read in 65 ms (941.4 KiB/s)
Fdt Ramdisk skip relocation
## Flattened Device Tree blob at 0x0a100000
   Booting using the fdt blob at 0x0a100000
  'reserved-memory' shmem@10f000: addr=10f000 size=100
   Using Device Tree in place at 000000000a100000, end 000000000a1124e0
can't found rockchip,drm-logo, use rockchip,fb-logo
WARNING: could not set reg FDT_ERR_BADOFFSET.
failed to reserve fb-loader-logo memory
Adding bank: 0x00200000 - 0x08400000 (size: 0x08200000)
Adding bank: 0x09400000 - 0xf0000000 (size: 0xe6c00000)
Total: 23150.5 ms

Starting kernel ...

[    0.000000] Booting Linux on physical CPU 0x0000000000 [0x412fd050]
[    0.000000] Linux version 7.0.11 (guix@guix) (aarch64-linux-gnu-gcc (GCC) 14.3.0, GNU ld (GNU Binutils) 2.44) #1 SMP PREEMPT_RT 1
[    0.000000] Machine model: Pine64 PineNote v1.2
[    0.000000] printk: debug: ignoring loglevel setting.
[    0.000000] earlycon: uart0 at MMIO32 0x00000000fe660000 (options '1500000n8')
[    0.000000] printk: legacy bootconsole [uart0] enabled
[    0.000000] efi: UEFI not found.
[    0.000000] OF: reserved mem: 0x000000000010f000..0x000000000010f0ff (0 KiB) nomap non-reusable shmem@10f000
[    0.000000] cma: Reserved 16 MiB at 0x00000000ee800000
[    0.000000] psci: probing for conduit method from DT.
[    0.000000] psci: PSCIv1.1 detected in firmware.
[    0.000000] psci: Using standard PSCI v0.2 function IDs
[    0.000000] psci: Trusted OS migration not required
[    0.000000] psci: SMC Calling Convention v1.2
[    0.000000] Zone ranges:
[    0.000000]   DMA      [mem 0x0000000000200000-0x00000000efffffff]
[    0.000000]   DMA32    empty
[    0.000000]   Normal   empty
[    0.000000] Movable zone start for each node
[    0.000000] Early memory node ranges
[    0.000000]   node   0: [mem 0x0000000000200000-0x00000000083fffff]
[    0.000000]   node   0: [mem 0x0000000009400000-0x00000000efffffff]
[    0.000000] Initmem setup node 0 [mem 0x0000000000200000-0x00000000efffffff]
[    0.000000] On node 0, zone DMA: 512 pages in unavailable ranges
[    0.000000] On node 0, zone DMA: 4096 pages in unavailable ranges
[    0.000000] percpu: Embedded 29 pages/cpu s79152 r8192 d31440 u118784
[    0.000000] pcpu-alloc: s79152 r8192 d31440 u118784 alloc=29*4096
[    0.000000] pcpu-alloc: [0] 0 [0] 1 [0] 2 [0] 3 
[    0.000000] Detected VIPT I-cache on CPU0
[    0.000000] CPU features: detected: GICv3 CPU interface
[    0.000000] CPU features: detected: Virtualization Host Extensions
[    0.000000] CPU features: kernel page table isolation disabled by kernel configuration
[    0.000000] CPU features: detected: ARM errata 1165522, 1319367, or 1530923
[    0.000000] alternatives: applying boot alternatives
[    0.000000] Kernel command line: root=PNGuixRoot gnu.system=/gnu/store/5ypb9pd2k67qh4a4j4mvjahyp1nx1xxz-system gnu.load=/gnu/store/5ypb9pd2k67qh4a4j4mvjahyp1nx1xxz-system/boot rockchip_suspend_mode_drv.sleep_debug_arm=1 ignore_loglevel rw rootwait earlycon console=ttyS2,1500000n8 brcmfmac.feature_disable=0x82000 vt.global_cursor_default=0 no_console_suspend fw_devlink=off
[    0.000000] printk: log buffer data + meta data: 262144 + 917504 = 1179648 bytes
[    0.000000] Dentry cache hash table entries: 524288 (order: 10, 4194304 bytes, linear)
[    0.000000] Inode-cache hash table entries: 262144 (order: 9, 2097152 bytes, linear)
[    0.000000] software IO TLB: SWIOTLB bounce buffer size adjusted to 3MB
[    0.000000] software IO TLB: area num 4.
[    0.000000] software IO TLB: SWIOTLB bounce buffer size roundup to 4MB
[    0.000000] software IO TLB: mapped [mem 0x00000000ea18c000-0x00000000ea58c000] (4MB)
[    0.000000] Built 1 zonelists, mobility grouping on.  Total pages: 978432
[    0.000000] mem auto-init: stack:all(zero), heap alloc:off, heap free:off
[    0.000000] SLUB: HWalign=64, Order=0-3, MinObjects=0, CPUs=4, Nodes=1
[    0.000000] ftrace: allocating 39624 entries in 156 pages
[    0.000000] ftrace: allocated 156 pages with 4 groups
[    0.000000] rcu: Preemptible hierarchical RCU implementation.
[    0.000000] rcu: 	RCU event tracing is enabled.
[    0.000000] rcu: 	RCU priority boosting: priority 1 delay 500 ms.
[    0.000000] rcu: 	RCU_SOFTIRQ processing moved to rcuc kthreads.
[    0.000000] 	No expedited grace period (rcu_normal_after_boot).
[    0.000000] 	Trampoline variant of Tasks RCU enabled.
[    0.000000] 	Rude variant of Tasks RCU enabled.
[    0.000000] 	Tracing variant of Tasks RCU enabled.
[    0.000000] rcu: RCU calculated value of scheduler-enlistment delay is 100 jiffies.
[    0.000000] RCU Tasks: Setting shift to 2 and lim to 1 rcu_task_cb_adjust=1 rcu_task_cpu_ids=4.
[    0.000000] RCU Tasks Rude: Setting shift to 2 and lim to 1 rcu_task_cb_adjust=1 rcu_task_cpu_ids=4.
[    0.000000] NR_IRQS: 64, nr_irqs: 64, preallocated irqs: 0
[    0.000000] GIC: enabling workaround for GICv3: non-coherent attribute
[    0.000000] GICv3: GIC: Using split EOI/Deactivate mode
[    0.000000] GICv3: 320 SPIs implemented
[    0.000000] GICv3: 0 Extended SPIs implemented
[    0.000000] GICv3: MBI range [296:319]
[    0.000000] GICv3: Using MBI frame 0x00000000fd410000
[    0.000000] Root IRQ handler: gic_handle_irq
[    0.000000] GICv3: GICv3 features: 16 PPIs
[    0.000000] GICv3: GICD_CTLR.DS=0, SCR_EL3.FIQ=1
[    0.000000] GICv3: CPU0: found redistributor 0 region 0:0x00000000fd460000
[    0.000000] ITS [mem 0xfd440000-0xfd45ffff]
[    0.000000] GIC: enabling workaround for ITS: Rockchip erratum RK3568002
[    0.000000] GIC: enabling workaround for ITS: non-coherent attribute
[    0.000000] ITS@0x00000000fd440000: allocated 8192 Devices @5c0000 (indirect, esz 8, psz 64K, shr 0)
[    0.000000] ITS@0x00000000fd440000: allocated 32768 Interrupt Collections @5d0000 (flat, esz 2, psz 64K, shr 0)
[    0.000000] ITS: using cache flushing for cmd queue
[    0.000000] GICv3: using LPI property table @0x00000000005e0000
[    0.000000] GIC: using cache flushing for LPI property table
[    0.000000] GICv3: CPU0: using allocated LPI pending table @0x00000000005f0000
[    0.000000] rcu: srcu_init: Setting srcu_struct sizes based on contention.
[    0.000000] arch_timer: cp15 timer running at 24.00MHz (phys).
[    0.000000] clocksource: arch_sys_counter: mask: 0xffffffffffffff max_cycles: 0x588fe9dc0, max_idle_ns: 440795202592 ns
[    0.000001] sched_clock: 56 bits at 24MHz, resolution 41ns, wraps every 4398046511097ns
[    0.000916] Console: colour dummy device 80x25
[    0.001035] Calibrating delay loop (skipped), value calculated using timer frequency.. 48.00 BogoMIPS (lpj=24000)
[    0.001054] pid_max: default: 32768 minimum: 301
[    0.001453] Mount-cache hash table entries: 8192 (order: 4, 65536 bytes, linear)
[    0.001489] Mountpoint-cache hash table entries: 8192 (order: 4, 65536 bytes, linear)
[    0.002109] VFS: Finished mounting rootfs on nullfs
[    0.006234] rcu: Hierarchical SRCU implementation.
[    0.006250] rcu: 	Max phase no-delay instances is 400.
[    0.055986] Timer migration: 1 hierarchy levels; 8 children per group; 1 crossnode level
[    0.063249] EFI services will not be available.
[    0.064297] smp: Bringing up secondary CPUs ...
Idin
n to
[    0.066584] Detected VIPT I-cache on CPU1
[    0.066760] GICv3: CPU1: found redistributor 100 region 0:0x00000000fd480000
[    0.066785] GICv3: CPU1: using allocated LPI pending table @0x0000000000600000
[    0.066847] CPU1: Booted secondary processor 0x0000000100 [0x412fd050]
In n
n to
[    0.071282] Detected VIPT I-cache on CPU2
[    0.071452] GICv3: CPU2: found redistributor 200 region 0:0x00000000fd4a0000
[    0.071476] GICv3: CPU2: using allocated LPI pending table @0x0000000000610000
[    0.071532] CPU2: Booted secondary processor 0x0000000200 [0x412fd050]
In nIdsor
[    0.075941] Detected VIPT I-cache on CPU3
[    0.076112] GICv3: CPU3: found redistributor 300 region 0:0x00000000fd4c0000
[    0.076135] GICv3: CPU3: using allocated LPI pending table @0x0000000000620000
[    0.076193] CPU3: Booted secondary processor 0x0000000300 [0x412fd050]
[    0.076412] smp: Brought up 1 node, 4 CPUs
[    0.076425] SMP: Total of 4 processors activated.
[    0.076431] CPU: All CPU(s) started at EL2
[    0.076437] CPU features: detected: 32-bit EL0 Support
[    0.076444] CPU features: detected: Data cache clean to the PoU not required for I/D coherence
[    0.076450] CPU features: detected: Common not Private translations
[    0.076455] CPU features: detected: CRC32 instructions
[    0.076465] CPU features: detected: RCpc load-acquire (LDAPR)
[    0.076470] CPU features: detected: LSE atomic instructions
[    0.076476] CPU features: detected: Privileged Access Never
[    0.076480] CPU features: detected: RAS Extension Support
[    0.076488] CPU features: detected: XNX
[    0.076495] CPU features: detected: Speculative Store Bypassing Safe (SSBS)
[    0.085933] alternatives: applying system-wide alternatives
[    0.091242] CPU features: detected: ICV_DIR_EL1 trapping
[    0.092435] Memory: 3777788K/3913728K available (12096K kernel code, 2520K rwdata, 3288K rodata, 1920K init, 506K bss, 113476K reserved, 16384K cma-reserved)
[    0.095932] devtmpfs: initialized
[    0.120122] clocksource: jiffies: mask: 0xffffffff max_cycles: 0xffffffff, max_idle_ns: 1911260446275000 ns
[    0.120191] posixtimers hash table entries: 2048 (order: 5, 81920 bytes, linear)
[    0.120340] futex hash table entries: 1024 (65536 bytes on 1 NUMA nodes, total 64 KiB, linear).
[    0.120664] 27632 pages in range for non-PLT usage
[    0.120674] 519152 pages in range for PLT usage
[    0.122474] DMI not present or invalid.
[    0.125687] NET: Registered PF_NETLINK/PF_ROUTE protocol family
[    0.127724] DMA: preallocated 512 KiB GFP_KERNEL|GFP_DMA pool for atomic allocations
[    0.130926] thermal_sys: Registered thermal governor 'fair_share'
[    0.130938] thermal_sys: Registered thermal governor 'bang_bang'
[    0.130944] thermal_sys: Registered thermal governor 'step_wise'
[    0.130949] thermal_sys: Registered thermal governor 'user_space'
[    0.130954] thermal_sys: Registered thermal governor 'power_allocator'
[    0.131100] cpuidle: using governor menu
[    0.131312] ASID allocator initialised with 65536 entries
[    0.131623] Serial: AMBA PL011 UART driver
[    0.155885] gpio gpiochip0: Static allocation of GPIO base is deprecated, use dynamic allocation.
[    0.157031] rockchip-gpio fdd60000.gpio: probed /pinctrl/gpio@fdd60000
[    0.157714] gpio gpiochip1: Static allocation of GPIO base is deprecated, use dynamic allocation.
[    0.158432] rockchip-gpio fe740000.gpio: probed /pinctrl/gpio@fe740000
[    0.158983] gpio gpiochip2: Static allocation of GPIO base is deprecated, use dynamic allocation.
[    0.159633] rockchip-gpio fe750000.gpio: probed /pinctrl/gpio@fe750000
[    0.160239] gpio gpiochip3: Static allocation of GPIO base is deprecated, use dynamic allocation.
[    0.160848] rockchip-gpio fe760000.gpio: probed /pinctrl/gpio@fe760000
[    0.161439] gpio gpiochip4: Static allocation of GPIO base is deprecated, use dynamic allocation.
[    0.162038] rockchip-gpio fe770000.gpio: probed /pinctrl/gpio@fe770000
[    0.167848] HugeTLB: registered 1.00 GiB page size, pre-allocated 0 pages
[    0.167867] HugeTLB: 0 KiB vmemmap can be freed for a 1.00 GiB page
[    0.167876] HugeTLB: registered 32.0 MiB page size, pre-allocated 0 pages
[    0.167881] HugeTLB: 0 KiB vmemmap can be freed for a 32.0 MiB page
[    0.167888] HugeTLB: registered 2.00 MiB page size, pre-allocated 0 pages
[    0.167893] HugeTLB: 0 KiB vmemmap can be freed for a 2.00 MiB page
[    0.167900] HugeTLB: registered 64.0 KiB page size, pre-allocated 0 pages
[    0.167905] HugeTLB: 0 KiB vmemmap can be freed for a 64.0 KiB page
[    0.170824] iommu: Default domain type: Passthrough
[    0.176662] usbcore: registered new interface driver usbfs
[    0.176768] usbcore: registered new interface driver hub
[    0.176839] usbcore: registered new device driver usb
[    0.177149] pps_core: LinuxPPS API ver. 1 registered
[    0.177158] pps_core: Software ver. 5.3.6 - Copyright 2005-2007 Rodolfo Giometti <giometti@linux.it>
[    0.177183] PTP clock support registered
[    0.177430] scmi_core: SCMI protocol bus registered
[    0.182026] vgaarb: loaded
[    0.182571] clocksource: Switched to clocksource arch_sys_counter
[    0.183472] VFS: Disk quotas dquot_6.6.0
[    0.183514] VFS: Dquot-cache hash table entries: 512 (order 0, 4096 bytes)
[    0.202430] NET: Registered PF_INET protocol family
[    0.202973] IP idents hash table entries: 65536 (order: 7, 524288 bytes, linear)
[    0.207586] tcp_listen_portaddr_hash hash table entries: 2048 (order: 5, 81920 bytes, linear)
[    0.207699] Table-perturb hash table entries: 65536 (order: 6, 262144 bytes, linear)
[    0.207723] TCP established hash table entries: 32768 (order: 6, 262144 bytes, linear)
[    0.208273] TCP bind hash table entries: 32768 (order: 10, 2621440 bytes, linear)
[    0.211171] TCP: Hash tables configured (established 32768 bind 32768)
[    0.211456] UDP hash table entries: 2048 (order: 7, 327680 bytes, linear)
[    0.211940] UDP-Lite hash table entries: 2048 (order: 7, 327680 bytes, linear)
[    0.212722] NET: Registered PF_UNIX/PF_LOCAL protocol family
[    0.212814] PCI: CLS 0 bytes, default 64
[    0.213165] Unpacking initramfs...
[    0.217137] Initialise system trusted keyrings
[    0.217543] workingset: timestamp_bits=46 max_order=20 bucket_order=0
[    0.219014] SGI XFS with ACLs, security attributes, scrub, repair, no debug enabled
[    0.221747] Key type asymmetric registered
[    0.221769] Asymmetric key parser 'x509' registered
[    0.222243] io scheduler bfq registered
[    0.238094] dma-pl330 fe530000.dma-controller: Loaded driver for PL330 DMAC-241330
[    0.238121] dma-pl330 fe530000.dma-controller: 	DBUFF-128x8bytes Num_Chans-8 Num_Peri-32 Num_Events-16
[    0.244702] dma-pl330 fe550000.dma-controller: Loaded driver for PL330 DMAC-241330
[    0.244725] dma-pl330 fe550000.dma-controller: 	DBUFF-128x8bytes Num_Chans-8 Num_Peri-32 Num_Events-16
[    0.246131] rockchip-suspend-mode rockchip-suspend: BSP suspend policy activated
[    0.247634] Serial: 8250/16550 driver, 4 ports, IRQ sharing disabled
[    0.253774] fe650000.serial: ttyS1 at MMIO 0xfe650000 (irq = 24, base_baud = 1500000) is a 16550A
[    0.254071] serial serial0: tty port ttyS1 registered
[    0.256125] fe660000.serial: ttyS2 at MMIO 0xfe660000 (irq = 25, base_baud = 1500000) is a 16550A
[    0.257214] printk: legacy console [ttyS2] enabled
[    0.257214] printk: legacy console [ttyS2] enabled
[    0.257228] printk: legacy bootconsole [uart0] disabled
[    0.257228] printk: legacy bootconsole [uart0] disabled
[    0.264394] platform fdea0000.video-codec: Adding to iommu group 0
[    0.266715] platform fdee0000.video-codec: Adding to iommu group 1
[    0.270755] loop: module loaded
[    0.279516] usbcore: registered new interface driver usbserial_generic
[    0.279692] usbserial: USB Serial support registered for generic
[    0.280056] i2c_dev: i2c /dev entries driver
[    0.283550] fan53555-regulator 0-001c: FAN53555 Option[12] Rev[15] Detected!
[    0.393780] boost: Bringing 4700000uV into 5000000-5000000uV
[    0.407527] input: rk805 pwrkey as /devices/platform/fdd40000.i2c/i2c-0/0-0020/rk805-pwrkey.2.auto/input/input0
[    0.421776] rk808-rtc rk808-rtc.3.auto: registered as rtc0
[    0.424772] rk808-rtc rk808-rtc.3.auto: setting system clock to 2026-08-08T20:21:50 UTC (1786220510)
[    0.439222] lm3630a_bl 3-0036: LM3630A backlight register OK.
[    0.482977] sdhci: Secure Digital Host Controller Interface driver
[    0.482993] sdhci: Copyright(c) Pierre Ossman
[    0.482998] Synopsys Designware Multimedia Card Interface Driver
[    0.484315] sdhci-pltfm: SDHCI platform and OF driver helper
[    0.485098] dwmmc_rockchip fe2c0000.mmc: IDMAC supports 32-bit address mode.
[    0.485148] dwmmc_rockchip fe2c0000.mmc: Using internal DMA controller.
[    0.485162] dwmmc_rockchip fe2c0000.mmc: Version ID is 270a
[    0.485668] dwmmc_rockchip fe2c0000.mmc: DW MMC controller at irq 61,32 bit host data width,256 deep fifo
[    0.488221] dwmmc_rockchip fe2c0000.mmc: allocated mmc-pwrseq
[    0.488223] arm-scmi arm-scmi.7.auto: Using scmi_smc_transport
[    0.488243] arm-scmi arm-scmi.7.auto: SCMI max-rx-timeout: 30ms / max-msg-size: 104bytes / max-msg: 20
[    0.488247] mmc_host mmc1: card is non-removable.
[    0.494782] scmi_protocol scmi_dev.1: Enabled polling mode TX channel - prot_id:16
[    0.495298] arm-scmi arm-scmi.7.auto: SCMI Notifications - Core Enabled.
[    0.495384] arm-scmi arm-scmi.7.auto: Malformed reply - real_sz:8  calc_sz:4  (loop_num_ret:3)
[    0.495398] arm-scmi arm-scmi.7.auto: SCMI Protocol v2.0 'rockchip:' Firmware version 0x0
[    0.495494] arm-scmi arm-scmi.7.auto: Enabling SCMI Quirk [quirk_clock_rates_triplet_out_of_spec]
[    0.497352] hid: raw HID events driver (C) Jiri Kosina
[    0.497767] usbcore: registered new interface driver usbhid
[    0.497777] usbhid: USB HID core driver
[    0.499549] NET: Registered PF_INET6 protocol family
[    0.502979] Segment Routing with IPv6
[    0.503062] In-situ OAM (IOAM) with IPv6
[    0.503166] NET: Registered PF_PACKET protocol family
[    0.511407] mmc_host mmc1: Bus speed (slot 0) = 375000Hz (slot req 400000Hz, actual 375000HZ div = 0)
[    0.516206] registered taskstats version 1
[    0.516235] Loading compiled-in X.509 certificates
[    0.604632] input: gpio-keys as /devices/platform/gpio-keys/input/input1
[    0.659770] mmc_host mmc1: Bus speed (slot 0) = 150000000Hz (slot req 150000000Hz, actual 150000000HZ div = 0)
[    0.661336] clk: Disabling unused clocks
[    0.662178] PM: genpd: Disabling unused power domains
[    0.807801] dwmmc_rockchip fe2c0000.mmc: Successfully tuned phase to 222
[    0.826436] mmc1: new UHS-I speed SDR104 SDIO card at address 0001
[    1.049178] Freeing initrd memory: 12544K
[    1.050043] dw-apb-uart fe660000.serial: forbid DMA for kernel console
[    1.077646] mmc0: SDHCI controller on fe310000.mmc [fe310000.mmc] using ADMA
[    1.088916] Freeing unused kernel memory: 1920K
[    1.089258] Run /init as init process
[    1.089273]   with arguments:
[    1.089286]     /init
[    1.089296]   with environment:
[    1.089304]     HOME=/
[    1.089312]     TERM=linux
GC Warning: pthread_getattr_np or pthread_attr_getstack failed for main thread
GC Warning: Could not open /proc/stat
[    1.202636] sdhci-dwcmshc fe310000.mmc: Can't reduce the clock below 52MHz in HS200/HS400 mode
[    1.202720] sdhci-dwcmshc fe310000.mmc: Can't reduce the clock below 52MHz in HS200/HS400 mode
[    1.202734] sdhci-dwcmshc fe310000.mmc: Can't reduce the clock below 52MHz in HS200/HS400 mode
[    1.204424] mmc0: new HS200 MMC card at address 0001
[    1.205478] mmcblk0: mmc0:0001 AKJ21X 115 GiB
[    1.208267]  mmcblk0: p1 p2 p3 p4 p5 p6 p7
[    1.210193] mmcblk0boot0: mmc0:0001 AKJ21X 4.00 MiB
[    1.211938] mmcblk0boot1: mmc0:0001 AKJ21X 4.00 MiB
[    1.213492] mmcblk0rpmb: mmc0:0001 AKJ21X 4.00 MiB, chardev (248:0)
Welcome, this is GNU's early boot Guile.
Use 'gnu.repl' for an initrd REPL.

loading kernel modules...
PineNote initrd: pre-mount diagnostics starting
PineNote initrd: installed waveform firmware from /dev/mmcblk0p2
PineNote initrd: loading EBC display modules
[    1.595321] hwmon hwmon4: temp1_input not attached to any thermal zone
[    1.675320] panel-simple panel: Expected bpc in {6,8} but got: 4
[    1.675408] panel-simple panel: supply power not found, using dummy regulator
[    2.621189] rockchip-drm display-subsystem: [drm:0xffff80007953464c] *ERROR* No available vop found for display-subsystem.
[    3.049346] rockchip_ebc_probe start
[    3.062961] rockchip-ebc fdec0000.ebc: [drm] Loaded 4-bit PVI waveform version 0x19
[    3.066129] ebc: rockchip_ebc_plane_reset
[    3.074735] [drm] Initialized rockchip-ebc 0.3.0 for fdec0000.ebc on minor 0
[    3.095223] fbcon: Deferring console take-over
[    3.095249] rockchip-ebc fdec0000.ebc: [drm] fb0: rockchip-ebcdrm frame buffer device
[    3.095387] rockchip-ebc fdec0000.ebc: Direct firmware load for rockchip/rockchip_ebc_default_screen.bin failed with error -2
PineNote initrd: loaded EBC display modules
PineNote initrd: PNGuixRoot is visible before Guix root mount at /dev/mmcblk0p6
PineNote initrd: handoff to Guix root mount for PNGuixRoot
PNGuixRoot: clean, 50293/118800 files, 343080/475118 blocks
[    3.285337] EXT4-fs (mmcblk0p6): mounted filesystem 70c4c247-600d-c3bc-f332-95ba70c4c247 r/w with ordered data mode. Quota mode: none.
loading '/gnu/store/5ypb9pd2k67qh4a4j4mvjahyp1nx1xxz-system/boot'...
making '/gnu/store/5ypb9pd2k67qh4a4j4mvjahyp1nx1xxz-system' the current system...
populating /etc from /gnu/store/r1h75rh33i5qdw9jhzdvr4fn0wg8r87v-etc...
setting up privileged programs in '/run/privileged/bin'...
[    5.138592] random: crng init done
ssh-keygen: generating new host keys: RSA ECDSA ED25519 
[    8.149154] shepherd[1]: GNU Shepherd 1.0.9 (Guile 3.0.9, Fibers < 1.4, aarch64-unknown-linux-gnu)
[    8.149745] shepherd[1]: bit-count is deprecated.  Use bitvector-count, or a loop over array-ref if array support is needed.
[    8.150655] shepherd[1]: scm_bitvector_length is deprecated.  Use scm_c_bitvector_length instead.
[    8.151041] shepherd[1]: Starting service root...
[    8.151880] shepherd[1]: Service root started.
[    8.152255] shepherd[1]: Service root running with value #<<process> id: 1 command: #f>.
[    8.153087] shepherd[1]: Service root has been started.
[    8.157786] shepherd[1]: starting services...
[    8.158231] shepherd[1]: Configuration successfully loaded from '/gnu/store/9jy4yd25fyjwjra1bnhf92s8jvr54ic1-shepherd.conf'.
[    8.199696] shepherd[1]: Starting service root-file-system...
[    8.200307] shepherd[1]: Starting service host-name...
[    8.204397] shepherd[1]: Starting service pam...
[    8.205062] shepherd[1]: Starting service sysctl...
[    8.206840] shepherd[1]: Starting service log-rotation...
[    8.207334] shepherd[1]: Starting service loopback...
[    8.209373] shepherd[1]: Service root-file-system started.
[    8.209942] shepherd[1]: Service host-name started.
[    8.211044] shepherd[1]: Service pam started.
[    8.211513] shepherd[1]: Service log-rotation started.
[    8.212840] shepherd[1]: Service root-file-system running with value #t.
[    8.213406] shepherd[1]: Service host-name running with value "pinenote-reader-ultra".
[    8.214852] shepherd[1]: Service pam running with value #t.
[    8.215360] shepherd[1]: Service log-rotation running with value #<timer #<<calendar-event> seconds: (0) minutes: (0) hours: (22) days-of-month: (1 2 3 4 5 6 7 8 9 10 11 12 13 14 15 16 17 18 19 20 21 22 23 24 25 26 27 28 29 30 31) months: (1 2 3 4 5 6 7 8 9 10 11 12) days-of-week: (0)> #<procedure rotation ()> ffffb70c4b80>.
[    8.216421] shepherd[1]: Service root-file-system has been started.
[    8.217090] shepherd[1]: Service host-name has been started.
[    8.218395] shepherd[1]: Service pam has been started.
[    8.219102] shepherd[1]: Service log-rotation has been started.
[    8.220420] shepherd[1]: [sysctl] fs.protected_hardlinks = 1
[    8.221130] shepherd[1]: [sysctl] fs.protected_symlinks = 1
[    8.222419] shepherd[1]: Service sysctl started.
[    8.223083] shepherd[1]: Service sysctl running with value #t.
[    8.224881] shepherd[1]: Service sysctl has been started.
[    8.251429] shepherd[1]: Starting service udev...
[    8.285313] udevd[139]: starting version 3.2.14
[    8.345011] udevd[139]: starting eudev-3.2.14
[    8.755152] udevd[139]: no sender credentials received, message ignored
[    8.765549] shepherd[1]: waiting for udevd...
[    8.769145] shepherd[1]: [iirba8ppyfr8ns4gjpxs4k1b2vzajyf9-set-up-network] Waiting for network device 'lo'...
[    8.769891] shepherd[1]: Registering new logger for udev.
[    8.772384] shepherd[1]: Service loopback started.
[    8.773793] shepherd[1]: Service loopback running with value #t.
[    8.774493] shepherd[1]: Service loopback has been started.
[    8.899726] mc: Linux media interface: v0.10
[    9.042846] videodev: Linux video capture interface: v2.00
[    9.079388] cfg80211: Loading compiled-in X.509 certificates for regulatory database
[    9.141525] i2c_hid_of 1-0009: supply vddl not found, using dummy regulator
[    9.163400] cyttsp5 5-0024: supply vddio not found, using dummy regulator
[    9.199548] input: adc-keys as /devices/platform/adc-keys/input/input3
[    9.212881] rockchip-rga fdeb0000.rga: HW Version: 0x03.02
[    9.213340] rockchip-rga fdeb0000.rga: Registered rockchip-rga as /dev/video0
[    9.214927] hantro-vpu fdea0000.video-codec: registered rockchip,rk3568-vpu-dec as /dev/video1
[    9.218105] hantro-vpu fdee0000.video-codec: registered rockchip,rk3568-vepu-enc as /dev/video2
[    9.356105] Loaded X.509 cert 'sforshee: 00b28ddf47aef9cea7'
[    9.356527] Loaded X.509 cert 'wens: 61c038651aabdcf94bd0ac7ff06c7248db18c600'
[    9.363255] faux_driver regulatory: Direct firmware load for regulatory.db.p7s failed with error -2
[    9.363276] cfg80211: loaded regulatory.db is malformed or signature is missing/invalid
[    9.368273] input: w9013 2D1F:0095 Stylus as /devices/platform/fe5a0000.i2c/i2c-1/1-0009/0018:2D1F:0095.0001/input/input4
[    9.368713] input: w9013 2D1F:0095 as /devices/platform/fe5a0000.i2c/i2c-1/1-0009/0018:2D1F:0095.0001/input/input5
[    9.369015] hid-generic 0018:2D1F:0095.0001: input,hidraw0: I2C HID v1.00 Device [w9013 2D1F:0095] on 1-0009
[    9.402737] rockchip-i2s-tdm fe410000.i2s: using zero-initialized flat cache, this may cause unexpected behavior
[    9.422551] st-accel-i2c 5-0018: mounting matrix not found: using identity...
[    9.436113] Bluetooth: Core ver 2.22
[    9.436505] st-accel-i2c 5-0018: interrupts on the falling edge or active low level
[    9.437654] NET: Registered PF_BLUETOOTH protocol family
[    9.437665] Bluetooth: HCI device and connection manager initialized
[    9.437684] Bluetooth: HCI socket layer initialized
[    9.437692] Bluetooth: L2CAP socket layer initialized
[    9.437722] Bluetooth: SCO socket layer initialized
[    9.452127] Bluetooth: HCI UART driver ver 2.3
[    9.452146] Bluetooth: HCI UART protocol H4 registered
[    9.452472] mmc_host mmc1: Bus speed (slot 0) = 375000Hz (slot req 400000Hz, actual 375000HZ div = 0)
[    9.453180] Bluetooth: HCI UART protocol Broadcom registered
[    9.561922] mousedev: PS/2 mouse device common for all mice
[    9.567742] input: ws8100_pen as /devices/platform/spi-gpio/spi_master/spi4/spi4.0/input/input7
[    9.605022] mmc_host mmc1: Bus speed (slot 0) = 150000000Hz (slot req 150000000Hz, actual 150000000HZ div = 0)
[    9.828811] Bluetooth: hci0: BCM: chip id 107
[    9.831290] Bluetooth: hci0: BCM: features 0x2f
[    9.857456] Bluetooth: hci0: BCM4345C0
[    9.857479] Bluetooth: hci0: BCM4345C0 (003.001.025) build 0000
[    9.861397] Bluetooth: hci0: BCM4345C0 'brcm/BCM4345C0.pine64,pinenote-v1.2.hcd' Patch
[    9.871758] dwmmc_rockchip fe2c0000.mmc: Successfully tuned phase to 222
[    9.878025] brcmfmac: brcmf_fw_alloc_request: using brcm/brcmfmac43455-sdio for chip BCM4345/6
[    9.941627] power_supply ws8100_pen: driver failed to report `status' property: -74
[   10.067656] input input2: Parameters are specified but the axis 53 is not set up
[   10.067678] input input2: Parameters are specified but the axis 54 is not set up
[   10.067683] input input2: Parameters are specified but the axis 58 is not set up
[   10.067964] input: cyttsp5 as /devices/platform/fe5e0000.i2c/i2c-5/5-0024/input/input2
[   10.086103] brcmfmac: brcmf_c_process_txcap_blob: no txcap_blob available (err=-2)
[   10.087439] brcmfmac: brcmf_c_preinit_dcmds: Firmware: BCM4345/6 wl0: Apr 15 2021 03:03:20 version 7.45.234 (4ca95bb CY) FWID 01-996384e2
/dev/disk/by-partlabel/data: clean, 470/5627904 files, 7635989/22496504 blocks
[   10.293737] EXT4-fs (mmcblk0p7): mounted filesystem 73e99bbd-f1cc-4afb-8371-d7c8bf8dd009 r/w with ordered data mode. Quota mode: none.
[   10.784531] 8021q: 802.1Q VLAN Support v1.8
[   10.810945] dwc3 fcc00000.usb: failed to enable ep0out
[   11.206329] input: wilkbook-orientation as /devices/virtual/input/input8
[   11.347945] fbcon: Taking over console
[   11.474503] Console: switching to colour frame buffer device 234x87


This is the GNU system.  Welcome.
pinenote-reader-ultra login: [   13.056067] Console: switching to colour dummy device 80x25
[   17.036637] Bluetooth: hci0: BCM: features 0x2f
[   17.062886] Bluetooth: hci0: BCM43455 37.4MHz Raspberry Pi 3+-0190
[   17.062909] Bluetooth: hci0: BCM4345C0 (003.001.025) build 0382
[   30.695786] vbat_4g: disabling
[   30.697066] vdd_gpu_npu: disabling
[   30.699736] vdda_0v9_ldo: disabling
[   30.701882] vccio_sd: disabling
[   30.706518] vposneg: disabling
